RUN ds=ebola_exact_smoke threads=64 rep=1 rc=0 wall_s=1.256008043
Aligned 256 sequences in 1174174 microseconds
timing_ms h2d=4.937728 kernel=0.901120 d2h=236.671097 total=242.509949
RUN ds=ebola_exact_smoke threads=64 rep=2 rc=0 wall_s=1.220093407
Aligned 256 sequences in 1138128 microseconds
timing_ms h2d=4.933344 kernel=0.889120 d2h=234.815521 total=240.637985
RUN ds=ebola_exact_smoke threads=64 rep=3 rc=0 wall_s=1.260669951
Aligned 256 sequences in 1177327 microseconds
timing_ms h2d=4.926048 kernel=0.890528 d2h=238.894119 total=244.710693
RUN ds=ebola_exact_smoke threads=64 rep=4 rc=0 wall_s=1.227826681
Aligned 256 sequences in 1145454 microseconds
timing_ms h2d=4.923744 kernel=1.032192 d2h=243.961243 total=249.917191
RUN ds=ebola_exact_smoke threads=64 rep=5 rc=0 wall_s=1.231035450
Aligned 256 sequences in 1148722 microseconds
timing_ms h2d=4.945984 kernel=0.899008 d2h=238.057861 total=243.902847
RUN ds=ebola_exact_smoke threads=128 rep=1 rc=0 wall_s=1.225753646
Aligned 256 sequences in 1143122 microseconds
timing_ms h2d=4.921888 kernel=0.833216 d2h=234.838715 total=240.593826
RUN ds=ebola_exact_smoke threads=128 rep=2 rc=0 wall_s=1.230170898
Aligned 256 sequences in 1147461 microseconds
timing_ms h2d=4.923456 kernel=0.821728 d2h=235.924957 total=241.670151
RUN ds=ebola_exact_smoke threads=128 rep=3 rc=0 wall_s=1.232331262
Aligned 256 sequences in 1149132 microseconds
timing_ms h2d=4.920896 kernel=0.871168 d2h=242.262085 total=248.054138
RUN ds=ebola_exact_smoke threads=128 rep=4 rc=0 wall_s=1.430301971
Aligned 256 sequences in 1339791 microseconds
timing_ms h2d=4.935776 kernel=1.015808 d2h=258.389099 total=264.340668
RUN ds=ebola_exact_smoke threads=128 rep=5 rc=0 wall_s=1.399457511
Aligned 256 sequences in 1312233 microseconds
timing_ms h2d=4.932416 kernel=0.843968 d2h=238.794876 total=244.571259
RUN ds=ebola_exact_smoke threads=256 rep=1 rc=0 wall_s=1.226055132
Aligned 256 sequences in 1142940 microseconds
timing_ms h2d=4.937376 kernel=0.921952 d2h=242.064865 total=247.924194
RUN ds=ebola_exact_smoke threads=256 rep=2 rc=0 wall_s=1.226913564
Aligned 256 sequences in 1145325 microseconds
timing_ms h2d=4.923744 kernel=0.943904 d2h=240.231461 total=246.099106
RUN ds=ebola_exact_smoke threads=256 rep=3 rc=0 wall_s=1.218163788
Aligned 256 sequences in 1135535 microseconds
timing_ms h2d=4.926528 kernel=0.932800 d2h=240.051453 total=245.910782
RUN ds=ebola_exact_smoke threads=256 rep=4 rc=0 wall_s=1.225309931
Aligned 256 sequences in 1143685 microseconds
timing_ms h2d=4.927712 kernel=0.933984 d2h=236.828354 total=242.690048
RUN ds=ebola_exact_smoke threads=256 rep=5 rc=0 wall_s=1.224143754
Aligned 256 sequences in 1141646 microseconds
timing_ms h2d=4.936128 kernel=0.993344 d2h=240.497986 total=246.427460
RUN ds=c4_exact threads=64 rep=1 rc=0 wall_s=2.226739470
Aligned 512 sequences in 2140988 microseconds
timing_ms h2d=9.764864 kernel=6.599968 d2h=482.615967 total=498.980804
RUN ds=c4_exact threads=64 rep=2 rc=0 wall_s=2.387990234
Aligned 512 sequences in 2294200 microseconds
timing_ms h2d=9.785440 kernel=6.803456 d2h=518.009521 total=534.598450
RUN ds=c4_exact threads=64 rep=3 rc=0 wall_s=2.410762551
Aligned 512 sequences in 2323053 microseconds
timing_ms h2d=9.764288 kernel=6.638144 d2h=481.956818 total=498.359253
RUN ds=c4_exact threads=64 rep=4 rc=0 wall_s=2.222798572
Aligned 512 sequences in 2138214 microseconds
timing_ms h2d=9.777504 kernel=6.668288 d2h=483.272491 total=499.718262
RUN ds=c4_exact threads=64 rep=5 rc=0 wall_s=2.232495296
Aligned 512 sequences in 2147519 microseconds
timing_ms h2d=9.777312 kernel=6.588800 d2h=485.217499 total=501.583618
RUN ds=c4_exact threads=128 rep=1 rc=0 wall_s=2.220540525
Aligned 512 sequences in 2135290 microseconds
timing_ms h2d=9.805792 kernel=6.131712 d2h=480.264313 total=496.201813
RUN ds=c4_exact threads=128 rep=2 rc=0 wall_s=2.321946549
Aligned 512 sequences in 2223118 microseconds
timing_ms h2d=9.771136 kernel=5.971936 d2h=473.644409 total=489.387482
RUN ds=c4_exact threads=128 rep=3 rc=0 wall_s=2.503015680
Aligned 512 sequences in 2414926 microseconds
timing_ms h2d=9.777440 kernel=6.119680 d2h=508.197540 total=524.094666
RUN ds=c4_exact threads=128 rep=4 rc=0 wall_s=2.217905552
Aligned 512 sequences in 2132481 microseconds
timing_ms h2d=9.765952 kernel=5.990784 d2h=475.846069 total=491.602814
RUN ds=c4_exact threads=128 rep=5 rc=0 wall_s=2.203058344
Aligned 512 sequences in 2117743 microseconds
timing_ms h2d=9.752576 kernel=6.019072 d2h=474.245544 total=490.017181
RUN ds=c4_exact threads=256 rep=1 rc=0 wall_s=2.215081951
Aligned 512 sequences in 2129024 microseconds
timing_ms h2d=9.774400 kernel=6.226656 d2h=478.082153 total=494.083191
RUN ds=c4_exact threads=256 rep=2 rc=0 wall_s=2.225793378
Aligned 512 sequences in 2136910 microseconds
timing_ms h2d=9.768480 kernel=6.066656 d2h=477.366211 total=493.201355
RUN ds=c4_exact threads=256 rep=3 rc=0 wall_s=2.534390617
Aligned 512 sequences in 2437538 microseconds
timing_ms h2d=9.770464 kernel=6.215232 d2h=493.721252 total=509.706940
RUN ds=c4_exact threads=256 rep=4 rc=0 wall_s=2.283205854
Aligned 512 sequences in 2190292 microseconds
timing_ms h2d=9.771648 kernel=6.084576 d2h=490.957947 total=506.814178
RUN ds=c4_exact threads=256 rep=5 rc=0 wall_s=2.215955951
Aligned 512 sequences in 2130693 microseconds
timing_ms h2d=9.831040 kernel=6.056288 d2h=481.398193 total=497.285522
RUN ds=ebola_error_smoke threads=64 rep=1 rc=0 wall_s=1.234877872
Aligned 256 sequences in 1151473 microseconds
timing_ms h2d=4.925472 kernel=1.277952 d2h=239.077026 total=245.280441
RUN ds=ebola_error_smoke threads=64 rep=2 rc=0 wall_s=1.229239224
Aligned 256 sequences in 1146677 microseconds
timing_ms h2d=4.927488 kernel=1.318752 d2h=241.745178 total=247.991425
RUN ds=ebola_error_smoke threads=64 rep=3 rc=0 wall_s=1.224800385
Aligned 256 sequences in 1142919 microseconds
timing_ms h2d=4.927488 kernel=1.266720 d2h=243.255783 total=249.449982
RUN ds=ebola_error_smoke threads=64 rep=4 rc=0 wall_s=1.233453610
Aligned 256 sequences in 1150813 microseconds
timing_ms h2d=4.925440 kernel=1.395840 d2h=237.281754 total=243.603043
RUN ds=ebola_error_smoke threads=64 rep=5 rc=0 wall_s=1.323621399
Aligned 256 sequences in 1233483 microseconds
timing_ms h2d=4.927456 kernel=1.308704 d2h=268.787872 total=275.024017
RUN ds=ebola_error_smoke threads=128 rep=1 rc=0 wall_s=1.445867650
Aligned 256 sequences in 1352654 microseconds
timing_ms h2d=4.927488 kernel=1.414496 d2h=255.247971 total=261.589966
RUN ds=ebola_error_smoke threads=128 rep=2 rc=0 wall_s=1.269323975
Aligned 256 sequences in 1185473 microseconds
timing_ms h2d=4.923424 kernel=1.304448 d2h=241.259079 total=247.486938
RUN ds=ebola_error_smoke threads=128 rep=3 rc=0 wall_s=1.249612590
Aligned 256 sequences in 1167165 microseconds
timing_ms h2d=4.933920 kernel=1.310848 d2h=241.241150 total=247.485916
RUN ds=ebola_error_smoke threads=128 rep=4 rc=0 wall_s=1.223002836
Aligned 256 sequences in 1141143 microseconds
timing_ms h2d=4.980832 kernel=1.367552 d2h=239.779846 total=246.128220
RUN ds=ebola_error_smoke threads=128 rep=5 rc=0 wall_s=1.222199202
Aligned 256 sequences in 1139253 microseconds
timing_ms h2d=4.925888 kernel=1.298432 d2h=237.774307 total=243.998627
RUN ds=ebola_error_smoke threads=256 rep=1 rc=0 wall_s=1.245198710
Aligned 256 sequences in 1162056 microseconds
timing_ms h2d=4.925440 kernel=1.804064 d2h=239.012421 total=245.741913
RUN ds=ebola_error_smoke threads=256 rep=2 rc=0 wall_s=1.233434141
Aligned 256 sequences in 1150974 microseconds
timing_ms h2d=4.919296 kernel=1.877312 d2h=242.270630 total=249.067230
RUN ds=ebola_error_smoke threads=256 rep=3 rc=0 wall_s=1.228347128
Aligned 256 sequences in 1145433 microseconds
timing_ms h2d=4.923392 kernel=1.787808 d2h=240.205124 total=246.916321
RUN ds=ebola_error_smoke threads=256 rep=4 rc=0 wall_s=1.229946061
Aligned 256 sequences in 1144556 microseconds
timing_ms h2d=4.922528 kernel=1.802272 d2h=238.056870 total=244.781662
RUN ds=ebola_error_smoke threads=256 rep=5 rc=0 wall_s=1.421306151
Aligned 256 sequences in 1327509 microseconds
timing_ms h2d=4.964288 kernel=1.925728 d2h=250.030533 total=256.920532
RUN ds=c4_err threads=64 rep=1 rc=0 wall_s=2.453924076
Aligned 512 sequences in 2366631 microseconds
timing_ms h2d=9.781632 kernel=6.629376 d2h=479.441284 total=495.852295
RUN ds=c4_err threads=64 rep=2 rc=0 wall_s=2.225716981
Aligned 512 sequences in 2140350 microseconds
timing_ms h2d=9.768640 kernel=6.674752 d2h=485.432709 total=501.876099
RUN ds=c4_err threads=64 rep=3 rc=0 wall_s=2.230397363
Aligned 512 sequences in 2144860 microseconds
timing_ms h2d=9.768960 kernel=6.681696 d2h=484.296600 total=500.747253
RUN ds=c4_err threads=64 rep=4 rc=0 wall_s=2.238026414
Aligned 512 sequences in 2152799 microseconds
timing_ms h2d=9.863360 kernel=6.605408 d2h=485.044708 total=501.513458
RUN ds=c4_err threads=64 rep=5 rc=0 wall_s=2.326165538
Aligned 512 sequences in 2224899 microseconds
timing_ms h2d=9.759584 kernel=6.770208 d2h=477.645203 total=494.175018
RUN ds=c4_err threads=128 rep=1 rc=0 wall_s=2.558137769
Aligned 512 sequences in 2469492 microseconds
timing_ms h2d=9.802176 kernel=6.549504 d2h=510.524506 total=526.876221
RUN ds=c4_err threads=128 rep=2 rc=0 wall_s=2.230102876
Aligned 512 sequences in 2145239 microseconds
timing_ms h2d=9.758688 kernel=6.180896 d2h=480.799805 total=496.739380
RUN ds=c4_err threads=128 rep=3 rc=0 wall_s=2.244158336
Aligned 512 sequences in 2158057 microseconds
timing_ms h2d=9.812192 kernel=6.262528 d2h=483.935974 total=500.010681
RUN ds=c4_err threads=128 rep=4 rc=0 wall_s=2.247887401
Aligned 512 sequences in 2162164 microseconds
timing_ms h2d=9.763168 kernel=6.266496 d2h=483.724518 total=499.754181
RUN ds=c4_err threads=128 rep=5 rc=0 wall_s=2.251486482
Aligned 512 sequences in 2165267 microseconds
timing_ms h2d=9.769088 kernel=6.350368 d2h=479.814484 total=495.933960
RUN ds=c4_err threads=256 rep=1 rc=0 wall_s=2.585807354
Aligned 512 sequences in 2491967 microseconds
timing_ms h2d=9.779424 kernel=6.465536 d2h=519.382751 total=535.627686
RUN ds=c4_err threads=256 rep=2 rc=0 wall_s=2.237280131
Aligned 512 sequences in 2149297 microseconds
timing_ms h2d=9.759360 kernel=6.286720 d2h=483.175385 total=499.221466
RUN ds=c4_err threads=256 rep=3 rc=0 wall_s=2.217260146
Aligned 512 sequences in 2131386 microseconds
timing_ms h2d=9.776864 kernel=6.308128 d2h=478.013855 total=494.098846
RUN ds=c4_err threads=256 rep=4 rc=0 wall_s=2.238492678
Aligned 512 sequences in 2148258 microseconds
timing_ms h2d=9.764864 kernel=6.299648 d2h=474.812836 total=490.877350
RUN ds=c4_err threads=256 rep=5 rc=0 wall_s=2.232505071
Aligned 512 sequences in 2147513 microseconds
timing_ms h2d=9.764864 kernel=6.235264 d2h=478.114258 total=494.114410
