========= COMPUTE-SANITIZER
========= Host API memory access error at host access to 0x7b839ec0a600 of size 256 bytes
=========     Uninitialized access at 0x7b839ec0a600 on access by cudaMemcpy source
=========     Saved host backtrace up to driver entry point at error
=========         Host Frame: theseus::gpu::align_batch(theseus::gpu::BatchView const&, theseus::gpu::DeviceGraph const*, theseus::gpu::DeviceWorkspace*, int const*, int const*, theseus::gpu::AlignScoring, theseus::gpu::AlignOptions, theseus::gpu::AlignResult*, void*, int*) [0x24879] in seq2graph_proxy
=========         Host Frame: theseus::TheseusAligner::align_batch_gpu(std::vector<std::__cxx11::basic_string<char, std::char_traits<char>, std::allocator<char> >, std::allocator<std::__cxx11::basic_string<char, std::char_traits<char>, std::allocator<char> > > > const&, std::vector<std::__cxx11::basic_string<char, std::char_traits<char>, std::allocator<char> >, std::allocator<std::__cxx11::basic_string<char, std::char_traits<char>, std::allocator<char> > > >&, std::vector<int, std::allocator<int> >&, theseus::GpuBatchReport*, int, bool) [0x17579] in seq2graph_proxy
=========         Host Frame: run_gpu(theseus::TheseusAligner&, Inputs&, std::ostream&, int, bool, bool, double&, int) [0xdcec] in seq2graph_proxy
=========         Host Frame: main [0xd49a] in seq2graph_proxy
========= 
========= Host API memory access error at host access to 0x7b839ec0a600 of size 256 bytes
=========     Uninitialized access at 0x7b839ec0a620 on access by cudaMemcpy source
=========     Saved host backtrace up to driver entry point at error
=========         Host Frame: theseus::gpu::align_batch(theseus::gpu::BatchView const&, theseus::gpu::DeviceGraph const*, theseus::gpu::DeviceWorkspace*, int const*, int const*, theseus::gpu::AlignScoring, theseus::gpu::AlignOptions, theseus::gpu::AlignResult*, void*, int*) [0x24879] in seq2graph_proxy
=========         Host Frame: theseus::TheseusAligner::align_batch_gpu(std::vector<std::__cxx11::basic_string<char, std::char_traits<char>, std::allocator<char> >, std::allocator<std::__cxx11::basic_string<char, std::char_traits<char>, std::allocator<char> > > > const&, std::vector<std::__cxx11::basic_string<char, std::char_traits<char>, std::allocator<char> >, std::allocator<std::__cxx11::basic_string<char, std::char_traits<char>, std::allocator<char> > > >&, std::vector<int, std::allocator<int> >&, theseus::GpuBatchReport*, int, bool) [0x17579] in seq2graph_proxy
=========         Host Frame: run_gpu(theseus::TheseusAligner&, Inputs&, std::ostream&, int, bool, bool, double&, int) [0xdcec] in seq2graph_proxy
=========         Host Frame: main [0xd49a] in seq2graph_proxy
========= 
========= Host API memory access error at host access to 0x7b839ec0a600 of size 256 bytes
=========     Uninitialized access at 0x7b839ec0a640 on access by cudaMemcpy source
=========     Saved host backtrace up to driver entry point at error
=========         Host Frame: theseus::gpu::align_batch(theseus::gpu::BatchView const&, theseus::gpu::DeviceGraph const*, theseus::gpu::DeviceWorkspace*, int const*, int const*, theseus::gpu::AlignScoring, theseus::gpu::AlignOptions, theseus::gpu::AlignResult*, void*, int*) [0x24879] in seq2graph_proxy
=========         Host Frame: theseus::TheseusAligner::align_batch_gpu(std::vector<std::__cxx11::basic_string<char, std::char_traits<char>, std::allocator<char> >, std::allocator<std::__cxx11::basic_string<char, std::char_traits<char>, std::allocator<char> > > > const&, std::vector<std::__cxx11::basic_string<char, std::char_traits<char>, std::allocator<char> >, std::allocator<std::__cxx11::basic_string<char, std::char_traits<char>, std::allocator<char> > > >&, std::vector<int, std::allocator<int> >&, theseus::GpuBatchReport*, int, bool) [0x17579] in seq2graph_proxy
=========         Host Frame: run_gpu(theseus::TheseusAligner&, Inputs&, std::ostream&, int, bool, bool, double&, int) [0xdcec] in seq2graph_proxy
=========         Host Frame: main [0xd49a] in seq2graph_proxy
========= 
========= Host API memory access error at host access to 0x7b839ec0a600 of size 256 bytes
=========     Uninitialized access at 0x7b839ec0a660 on access by cudaMemcpy source
=========     Saved host backtrace up to driver entry point at error
=========         Host Frame: theseus::gpu::align_batch(theseus::gpu::BatchView const&, theseus::gpu::DeviceGraph const*, theseus::gpu::DeviceWorkspace*, int const*, int const*, theseus::gpu::AlignScoring, theseus::gpu::AlignOptions, theseus::gpu::AlignResult*, void*, int*) [0x24879] in seq2graph_proxy
=========         Host Frame: theseus::TheseusAligner::align_batch_gpu(std::vector<std::__cxx11::basic_string<char, std::char_traits<char>, std::allocator<char> >, std::allocator<std::__cxx11::basic_string<char, std::char_traits<char>, std::allocator<char> > > > const&, std::vector<std::__cxx11::basic_string<char, std::char_traits<char>, std::allocator<char> >, std::allocator<std::__cxx11::basic_string<char, std::char_traits<char>, std::allocator<char> > > >&, std::vector<int, std::allocator<int> >&, theseus::GpuBatchReport*, int, bool) [0x17579] in seq2graph_proxy
=========         Host Frame: run_gpu(theseus::TheseusAligner&, Inputs&, std::ostream&, int, bool, bool, double&, int) [0xdcec] in seq2graph_proxy
=========         Host Frame: main [0xd49a] in seq2graph_proxy
========= 
========= Host API memory access error at host access to 0x7b839ec0a600 of size 256 bytes
=========     Uninitialized access at 0x7b839ec0a680 on access by cudaMemcpy source
=========     Saved host backtrace up to driver entry point at error
=========         Host Frame: theseus::gpu::align_batch(theseus::gpu::BatchView const&, theseus::gpu::DeviceGraph const*, theseus::gpu::DeviceWorkspace*, int const*, int const*, theseus::gpu::AlignScoring, theseus::gpu::AlignOptions, theseus::gpu::AlignResult*, void*, int*) [0x24879] in seq2graph_proxy
=========         Host Frame: theseus::TheseusAligner::align_batch_gpu(std::vector<std::__cxx11::basic_string<char, std::char_traits<char>, std::allocator<char> >, std::allocator<std::__cxx11::basic_string<char, std::char_traits<char>, std::allocator<char> > > > const&, std::vector<std::__cxx11::basic_string<char, std::char_traits<char>, std::allocator<char> >, std::allocator<std::__cxx11::basic_string<char, std::char_traits<char>, std::allocator<char> > > >&, std::vector<int, std::allocator<int> >&, theseus::GpuBatchReport*, int, bool) [0x17579] in seq2graph_proxy
=========         Host Frame: run_gpu(theseus::TheseusAligner&, Inputs&, std::ostream&, int, bool, bool, double&, int) [0xdcec] in seq2graph_proxy
=========         Host Frame: main [0xd49a] in seq2graph_proxy
========= 
========= Host API memory access error at host access to 0x7b839ec0a600 of size 256 bytes
=========     Uninitialized access at 0x7b839ec0a6a0 on access by cudaMemcpy source
=========     Saved host backtrace up to driver entry point at error
=========         Host Frame: theseus::gpu::align_batch(theseus::gpu::BatchView const&, theseus::gpu::DeviceGraph const*, theseus::gpu::DeviceWorkspace*, int const*, int const*, theseus::gpu::AlignScoring, theseus::gpu::AlignOptions, theseus::gpu::AlignResult*, void*, int*) [0x24879] in seq2graph_proxy
=========         Host Frame: theseus::TheseusAligner::align_batch_gpu(std::vector<std::__cxx11::basic_string<char, std::char_traits<char>, std::allocator<char> >, std::allocator<std::__cxx11::basic_string<char, std::char_traits<char>, std::allocator<char> > > > const&, std::vector<std::__cxx11::basic_string<char, std::char_traits<char>, std::allocator<char> >, std::allocator<std::__cxx11::basic_string<char, std::char_traits<char>, std::allocator<char> > > >&, std::vector<int, std::allocator<int> >&, theseus::GpuBatchReport*, int, bool) [0x17579] in seq2graph_proxy
=========         Host Frame: run_gpu(theseus::TheseusAligner&, Inputs&, std::ostream&, int, bool, bool, double&, int) [0xdcec] in seq2graph_proxy
=========         Host Frame: main [0xd49a] in seq2graph_proxy
========= 
========= Host API memory access error at host access to 0x7b839ec0a600 of size 256 bytes
=========     Uninitialized access at 0x7b839ec0a6c0 on access by cudaMemcpy source
=========     Saved host backtrace up to driver entry point at error
=========         Host Frame: theseus::gpu::align_batch(theseus::gpu::BatchView const&, theseus::gpu::DeviceGraph const*, theseus::gpu::DeviceWorkspace*, int const*, int const*, theseus::gpu::AlignScoring, theseus::gpu::AlignOptions, theseus::gpu::AlignResult*, void*, int*) [0x24879] in seq2graph_proxy
=========         Host Frame: theseus::TheseusAligner::align_batch_gpu(std::vector<std::__cxx11::basic_string<char, std::char_traits<char>, std::allocator<char> >, std::allocator<std::__cxx11::basic_string<char, std::char_traits<char>, std::allocator<char> > > > const&, std::vector<std::__cxx11::basic_string<char, std::char_traits<char>, std::allocator<char> >, std::allocator<std::__cxx11::basic_string<char, std::char_traits<char>, std::allocator<char> > > >&, std::vector<int, std::allocator<int> >&, theseus::GpuBatchReport*, int, bool) [0x17579] in seq2graph_proxy
=========         Host Frame: run_gpu(theseus::TheseusAligner&, Inputs&, std::ostream&, int, bool, bool, double&, int) [0xdcec] in seq2graph_proxy
=========         Host Frame: main [0xd49a] in seq2graph_proxy
========= 
========= Host API memory access error at host access to 0x7b839ec0a600 of size 256 bytes
=========     Uninitialized access at 0x7b839ec0a6e0 on access by cudaMemcpy source
=========     Saved host backtrace up to driver entry point at error
=========         Host Frame: theseus::gpu::align_batch(theseus::gpu::BatchView const&, theseus::gpu::DeviceGraph const*, theseus::gpu::DeviceWorkspace*, int const*, int const*, theseus::gpu::AlignScoring, theseus::gpu::AlignOptions, theseus::gpu::AlignResult*, void*, int*) [0x24879] in seq2graph_proxy
=========         Host Frame: theseus::TheseusAligner::align_batch_gpu(std::vector<std::__cxx11::basic_string<char, std::char_traits<char>, std::allocator<char> >, std::allocator<std::__cxx11::basic_string<char, std::char_traits<char>, std::allocator<char> > > > const&, std::vector<std::__cxx11::basic_string<char, std::char_traits<char>, std::allocator<char> >, std::allocator<std::__cxx11::basic_string<char, std::char_traits<char>, std::allocator<char> > > >&, std::vector<int, std::allocator<int> >&, theseus::GpuBatchReport*, int, bool) [0x17579] in seq2graph_proxy
=========         Host Frame: run_gpu(theseus::TheseusAligner&, Inputs&, std::ostream&, int, bool, bool, double&, int) [0xdcec] in seq2graph_proxy
=========         Host Frame: main [0xd49a] in seq2graph_proxy
========= 
GPU backend: threads/block 64; aligned on device; GAF reconstructed from compact GPU state with host backtrace; timing_ms h2d=0.054336 kernel=8.710976 d2h=36.570911 total=45.336224
GPU timing: h2d 0.054336 ms; kernel 8.71098 ms; d2h 36.5709 ms; total 45.3362 ms
GPU host stages: prepare 0.007357 ms; graph 232.316 ms; host_buffers 1.97491 ms; cpu_verification 0 ms; traceback 0.003551 ms; alignment_construction 0.003291 ms; align_batch 282.396 ms
Aligned 8 sequences in 282507 microseconds on gpu
Application timing: graph_parse 2.54054 ms; input_parse 0.020454 ms; gaf_serialization 0.027766 ms; output_flush 0.032036 ms; total 285.209 ms
========= ERROR SUMMARY: 8 errors
