========= COMPUTE-SANITIZER
========= Host API memory access error at host access to 0x7b62d4c0a600 of size 256 bytes
=========     Uninitialized access at 0x7b62d4c0a600 on access by cudaMemcpy source
=========     Saved host backtrace up to driver entry point at error
=========         Host Frame: theseus::gpu::align_batch(theseus::gpu::BatchView const&, theseus::gpu::DeviceGraph const*, theseus::gpu::DeviceWorkspace*, int const*, int const*, theseus::gpu::AlignScoring, theseus::gpu::AlignOptions, theseus::gpu::AlignResult*, void*, int*) [0x24879] in seq2graph_proxy
=========         Host Frame: theseus::TheseusAligner::align_batch_gpu(std::vector<std::__cxx11::basic_string<char, std::char_traits<char>, std::allocator<char> >, std::allocator<std::__cxx11::basic_string<char, std::char_traits<char>, std::allocator<char> > > > const&, std::vector<std::__cxx11::basic_string<char, std::char_traits<char>, std::allocator<char> >, std::allocator<std::__cxx11::basic_string<char, std::char_traits<char>, std::allocator<char> > > >&, std::vector<int, std::allocator<int> >&, theseus::GpuBatchReport*, int, bool) [0x17579] in seq2graph_proxy
=========         Host Frame: run_gpu(theseus::TheseusAligner&, Inputs&, std::ostream&, int, bool, bool, double&, int) [0xdcec] in seq2graph_proxy
=========         Host Frame: main [0xd49a] in seq2graph_proxy
========= 
========= Host API memory access error at host access to 0x7b62d4c0a600 of size 256 bytes
=========     Uninitialized access at 0x7b62d4c0a620 on access by cudaMemcpy source
=========     Saved host backtrace up to driver entry point at error
=========         Host Frame: theseus::gpu::align_batch(theseus::gpu::BatchView const&, theseus::gpu::DeviceGraph const*, theseus::gpu::DeviceWorkspace*, int const*, int const*, theseus::gpu::AlignScoring, theseus::gpu::AlignOptions, theseus::gpu::AlignResult*, void*, int*) [0x24879] in seq2graph_proxy
=========         Host Frame: theseus::TheseusAligner::align_batch_gpu(std::vector<std::__cxx11::basic_string<char, std::char_traits<char>, std::allocator<char> >, std::allocator<std::__cxx11::basic_string<char, std::char_traits<char>, std::allocator<char> > > > const&, std::vector<std::__cxx11::basic_string<char, std::char_traits<char>, std::allocator<char> >, std::allocator<std::__cxx11::basic_string<char, std::char_traits<char>, std::allocator<char> > > >&, std::vector<int, std::allocator<int> >&, theseus::GpuBatchReport*, int, bool) [0x17579] in seq2graph_proxy
=========         Host Frame: run_gpu(theseus::TheseusAligner&, Inputs&, std::ostream&, int, bool, bool, double&, int) [0xdcec] in seq2graph_proxy
=========         Host Frame: main [0xd49a] in seq2graph_proxy
========= 
========= Host API memory access error at host access to 0x7b62d4c0a600 of size 256 bytes
=========     Uninitialized access at 0x7b62d4c0a640 on access by cudaMemcpy source
=========     Saved host backtrace up to driver entry point at error
=========         Host Frame: theseus::gpu::align_batch(theseus::gpu::BatchView const&, theseus::gpu::DeviceGraph const*, theseus::gpu::DeviceWorkspace*, int const*, int const*, theseus::gpu::AlignScoring, theseus::gpu::AlignOptions, theseus::gpu::AlignResult*, void*, int*) [0x24879] in seq2graph_proxy
=========         Host Frame: theseus::TheseusAligner::align_batch_gpu(std::vector<std::__cxx11::basic_string<char, std::char_traits<char>, std::allocator<char> >, std::allocator<std::__cxx11::basic_string<char, std::char_traits<char>, std::allocator<char> > > > const&, std::vector<std::__cxx11::basic_string<char, std::char_traits<char>, std::allocator<char> >, std::allocator<std::__cxx11::basic_string<char, std::char_traits<char>, std::allocator<char> > > >&, std::vector<int, std::allocator<int> >&, theseus::GpuBatchReport*, int, bool) [0x17579] in seq2graph_proxy
=========         Host Frame: run_gpu(theseus::TheseusAligner&, Inputs&, std::ostream&, int, bool, bool, double&, int) [0xdcec] in seq2graph_proxy
=========         Host Frame: main [0xd49a] in seq2graph_proxy
========= 
========= Host API memory access error at host access to 0x7b62d4c0a600 of size 256 bytes
=========     Uninitialized access at 0x7b62d4c0a660 on access by cudaMemcpy source
=========     Saved host backtrace up to driver entry point at error
=========         Host Frame: theseus::gpu::align_batch(theseus::gpu::BatchView const&, theseus::gpu::DeviceGraph const*, theseus::gpu::DeviceWorkspace*, int const*, int const*, theseus::gpu::AlignScoring, theseus::gpu::AlignOptions, theseus::gpu::AlignResult*, void*, int*) [0x24879] in seq2graph_proxy
=========         Host Frame: theseus::TheseusAligner::align_batch_gpu(std::vector<std::__cxx11::basic_string<char, std::char_traits<char>, std::allocator<char> >, std::allocator<std::__cxx11::basic_string<char, std::char_traits<char>, std::allocator<char> > > > const&, std::vector<std::__cxx11::basic_string<char, std::char_traits<char>, std::allocator<char> >, std::allocator<std::__cxx11::basic_string<char, std::char_traits<char>, std::allocator<char> > > >&, std::vector<int, std::allocator<int> >&, theseus::GpuBatchReport*, int, bool) [0x17579] in seq2graph_proxy
=========         Host Frame: run_gpu(theseus::TheseusAligner&, Inputs&, std::ostream&, int, bool, bool, double&, int) [0xdcec] in seq2graph_proxy
=========         Host Frame: main [0xd49a] in seq2graph_proxy
========= 
========= Host API memory access error at host access to 0x7b62d4c0a600 of size 256 bytes
=========     Uninitialized access at 0x7b62d4c0a680 on access by cudaMemcpy source
=========     Saved host backtrace up to driver entry point at error
=========         Host Frame: theseus::gpu::align_batch(theseus::gpu::BatchView const&, theseus::gpu::DeviceGraph const*, theseus::gpu::DeviceWorkspace*, int const*, int const*, theseus::gpu::AlignScoring, theseus::gpu::AlignOptions, theseus::gpu::AlignResult*, void*, int*) [0x24879] in seq2graph_proxy
=========         Host Frame: theseus::TheseusAligner::align_batch_gpu(std::vector<std::__cxx11::basic_string<char, std::char_traits<char>, std::allocator<char> >, std::allocator<std::__cxx11::basic_string<char, std::char_traits<char>, std::allocator<char> > > > const&, std::vector<std::__cxx11::basic_string<char, std::char_traits<char>, std::allocator<char> >, std::allocator<std::__cxx11::basic_string<char, std::char_traits<char>, std::allocator<char> > > >&, std::vector<int, std::allocator<int> >&, theseus::GpuBatchReport*, int, bool) [0x17579] in seq2graph_proxy
=========         Host Frame: run_gpu(theseus::TheseusAligner&, Inputs&, std::ostream&, int, bool, bool, double&, int) [0xdcec] in seq2graph_proxy
=========         Host Frame: main [0xd49a] in seq2graph_proxy
========= 
========= Host API memory access error at host access to 0x7b62d4c0a600 of size 256 bytes
=========     Uninitialized access at 0x7b62d4c0a6a0 on access by cudaMemcpy source
=========     Saved host backtrace up to driver entry point at error
=========         Host Frame: theseus::gpu::align_batch(theseus::gpu::BatchView const&, theseus::gpu::DeviceGraph const*, theseus::gpu::DeviceWorkspace*, int const*, int const*, theseus::gpu::AlignScoring, theseus::gpu::AlignOptions, theseus::gpu::AlignResult*, void*, int*) [0x24879] in seq2graph_proxy
=========         Host Frame: theseus::TheseusAligner::align_batch_gpu(std::vector<std::__cxx11::basic_string<char, std::char_traits<char>, std::allocator<char> >, std::allocator<std::__cxx11::basic_string<char, std::char_traits<char>, std::allocator<char> > > > const&, std::vector<std::__cxx11::basic_string<char, std::char_traits<char>, std::allocator<char> >, std::allocator<std::__cxx11::basic_string<char, std::char_traits<char>, std::allocator<char> > > >&, std::vector<int, std::allocator<int> >&, theseus::GpuBatchReport*, int, bool) [0x17579] in seq2graph_proxy
=========         Host Frame: run_gpu(theseus::TheseusAligner&, Inputs&, std::ostream&, int, bool, bool, double&, int) [0xdcec] in seq2graph_proxy
=========         Host Frame: main [0xd49a] in seq2graph_proxy
========= 
========= Host API memory access error at host access to 0x7b62d4c0a600 of size 256 bytes
=========     Uninitialized access at 0x7b62d4c0a6c0 on access by cudaMemcpy source
=========     Saved host backtrace up to driver entry point at error
=========         Host Frame: theseus::gpu::align_batch(theseus::gpu::BatchView const&, theseus::gpu::DeviceGraph const*, theseus::gpu::DeviceWorkspace*, int const*, int const*, theseus::gpu::AlignScoring, theseus::gpu::AlignOptions, theseus::gpu::AlignResult*, void*, int*) [0x24879] in seq2graph_proxy
=========         Host Frame: theseus::TheseusAligner::align_batch_gpu(std::vector<std::__cxx11::basic_string<char, std::char_traits<char>, std::allocator<char> >, std::allocator<std::__cxx11::basic_string<char, std::char_traits<char>, std::allocator<char> > > > const&, std::vector<std::__cxx11::basic_string<char, std::char_traits<char>, std::allocator<char> >, std::allocator<std::__cxx11::basic_string<char, std::char_traits<char>, std::allocator<char> > > >&, std::vector<int, std::allocator<int> >&, theseus::GpuBatchReport*, int, bool) [0x17579] in seq2graph_proxy
=========         Host Frame: run_gpu(theseus::TheseusAligner&, Inputs&, std::ostream&, int, bool, bool, double&, int) [0xdcec] in seq2graph_proxy
=========         Host Frame: main [0xd49a] in seq2graph_proxy
========= 
========= Host API memory access error at host access to 0x7b62d4c0a600 of size 256 bytes
=========     Uninitialized access at 0x7b62d4c0a6e0 on access by cudaMemcpy source
=========     Saved host backtrace up to driver entry point at error
=========         Host Frame: theseus::gpu::align_batch(theseus::gpu::BatchView const&, theseus::gpu::DeviceGraph const*, theseus::gpu::DeviceWorkspace*, int const*, int const*, theseus::gpu::AlignScoring, theseus::gpu::AlignOptions, theseus::gpu::AlignResult*, void*, int*) [0x24879] in seq2graph_proxy
=========         Host Frame: theseus::TheseusAligner::align_batch_gpu(std::vector<std::__cxx11::basic_string<char, std::char_traits<char>, std::allocator<char> >, std::allocator<std::__cxx11::basic_string<char, std::char_traits<char>, std::allocator<char> > > > const&, std::vector<std::__cxx11::basic_string<char, std::char_traits<char>, std::allocator<char> >, std::allocator<std::__cxx11::basic_string<char, std::char_traits<char>, std::allocator<char> > > >&, std::vector<int, std::allocator<int> >&, theseus::GpuBatchReport*, int, bool) [0x17579] in seq2graph_proxy
=========         Host Frame: run_gpu(theseus::TheseusAligner&, Inputs&, std::ostream&, int, bool, bool, double&, int) [0xdcec] in seq2graph_proxy
=========         Host Frame: main [0xd49a] in seq2graph_proxy
========= 
GPU backend: threads/block 64; aligned on device; GAF reconstructed from compact GPU state with host backtrace; timing_ms h2d=0.071552 kernel=10.166400 d2h=37.742207 total=47.980160
GPU timing: h2d 0.071552 ms; kernel 10.1664 ms; d2h 37.7422 ms; total 47.9802 ms
GPU host stages: prepare 0.002193 ms; graph 233.274 ms; host_buffers 2.83739 ms; cpu_verification 0 ms; traceback 0.003342 ms; alignment_construction 0.003714 ms; align_batch 287.529 ms
Aligned 8 sequences in 287622 microseconds on gpu
Application timing: graph_parse 2.52706 ms; input_parse 0.016267 ms; gaf_serialization 0.028104 ms; output_flush 0.01823 ms; total 290.274 ms
========= ERROR SUMMARY: 8 errors
