========= COMPUTE-SANITIZER
========= Host API memory access error at host access to 0x7ea9dcc51a00 of size 256 bytes
=========     Uninitialized access at 0x7ea9dcc51a00 on access by cudaMemcpy source
=========     Saved host backtrace up to driver entry point at error
=========         Host Frame: theseus::gpu::align_batch(theseus::gpu::BatchView const&, theseus::gpu::DeviceGraph const*, theseus::gpu::DeviceWorkspace*, int const*, int const*, theseus::gpu::AlignScoring, theseus::gpu::AlignOptions, theseus::gpu::AlignResult*, void*, int*) [0x24879] in seq2graph_proxy
=========         Host Frame: theseus::TheseusAligner::align_batch_gpu(std::vector<std::__cxx11::basic_string<char, std::char_traits<char>, std::allocator<char> >, std::allocator<std::__cxx11::basic_string<char, std::char_traits<char>, std::allocator<char> > > > const&, std::vector<std::__cxx11::basic_string<char, std::char_traits<char>, std::allocator<char> >, std::allocator<std::__cxx11::basic_string<char, std::char_traits<char>, std::allocator<char> > > >&, std::vector<int, std::allocator<int> >&, theseus::GpuBatchReport*, int, bool) [0x17579] in seq2graph_proxy
=========         Host Frame: run_gpu(theseus::TheseusAligner&, Inputs&, std::ostream&, int, bool, bool, double&, int) [0xdcec] in seq2graph_proxy
=========         Host Frame: main [0xd49a] in seq2graph_proxy
========= 
========= Host API memory access error at host access to 0x7ea9dcc51a00 of size 256 bytes
=========     Uninitialized access at 0x7ea9dcc51a20 on access by cudaMemcpy source
=========     Saved host backtrace up to driver entry point at error
=========         Host Frame: theseus::gpu::align_batch(theseus::gpu::BatchView const&, theseus::gpu::DeviceGraph const*, theseus::gpu::DeviceWorkspace*, int const*, int const*, theseus::gpu::AlignScoring, theseus::gpu::AlignOptions, theseus::gpu::AlignResult*, void*, int*) [0x24879] in seq2graph_proxy
=========         Host Frame: theseus::TheseusAligner::align_batch_gpu(std::vector<std::__cxx11::basic_string<char, std::char_traits<char>, std::allocator<char> >, std::allocator<std::__cxx11::basic_string<char, std::char_traits<char>, std::allocator<char> > > > const&, std::vector<std::__cxx11::basic_string<char, std::char_traits<char>, std::allocator<char> >, std::allocator<std::__cxx11::basic_string<char, std::char_traits<char>, std::allocator<char> > > >&, std::vector<int, std::allocator<int> >&, theseus::GpuBatchReport*, int, bool) [0x17579] in seq2graph_proxy
=========         Host Frame: run_gpu(theseus::TheseusAligner&, Inputs&, std::ostream&, int, bool, bool, double&, int) [0xdcec] in seq2graph_proxy
=========         Host Frame: main [0xd49a] in seq2graph_proxy
========= 
========= Host API memory access error at host access to 0x7ea9dcc51a00 of size 256 bytes
=========     Uninitialized access at 0x7ea9dcc51a40 on access by cudaMemcpy source
=========     Saved host backtrace up to driver entry point at error
=========         Host Frame: theseus::gpu::align_batch(theseus::gpu::BatchView const&, theseus::gpu::DeviceGraph const*, theseus::gpu::DeviceWorkspace*, int const*, int const*, theseus::gpu::AlignScoring, theseus::gpu::AlignOptions, theseus::gpu::AlignResult*, void*, int*) [0x24879] in seq2graph_proxy
=========         Host Frame: theseus::TheseusAligner::align_batch_gpu(std::vector<std::__cxx11::basic_string<char, std::char_traits<char>, std::allocator<char> >, std::allocator<std::__cxx11::basic_string<char, std::char_traits<char>, std::allocator<char> > > > const&, std::vector<std::__cxx11::basic_string<char, std::char_traits<char>, std::allocator<char> >, std::allocator<std::__cxx11::basic_string<char, std::char_traits<char>, std::allocator<char> > > >&, std::vector<int, std::allocator<int> >&, theseus::GpuBatchReport*, int, bool) [0x17579] in seq2graph_proxy
=========         Host Frame: run_gpu(theseus::TheseusAligner&, Inputs&, std::ostream&, int, bool, bool, double&, int) [0xdcec] in seq2graph_proxy
=========         Host Frame: main [0xd49a] in seq2graph_proxy
========= 
========= Host API memory access error at host access to 0x7ea9dcc51a00 of size 256 bytes
=========     Uninitialized access at 0x7ea9dcc51a60 on access by cudaMemcpy source
=========     Saved host backtrace up to driver entry point at error
=========         Host Frame: theseus::gpu::align_batch(theseus::gpu::BatchView const&, theseus::gpu::DeviceGraph const*, theseus::gpu::DeviceWorkspace*, int const*, int const*, theseus::gpu::AlignScoring, theseus::gpu::AlignOptions, theseus::gpu::AlignResult*, void*, int*) [0x24879] in seq2graph_proxy
=========         Host Frame: theseus::TheseusAligner::align_batch_gpu(std::vector<std::__cxx11::basic_string<char, std::char_traits<char>, std::allocator<char> >, std::allocator<std::__cxx11::basic_string<char, std::char_traits<char>, std::allocator<char> > > > const&, std::vector<std::__cxx11::basic_string<char, std::char_traits<char>, std::allocator<char> >, std::allocator<std::__cxx11::basic_string<char, std::char_traits<char>, std::allocator<char> > > >&, std::vector<int, std::allocator<int> >&, theseus::GpuBatchReport*, int, bool) [0x17579] in seq2graph_proxy
=========         Host Frame: run_gpu(theseus::TheseusAligner&, Inputs&, std::ostream&, int, bool, bool, double&, int) [0xdcec] in seq2graph_proxy
=========         Host Frame: main [0xd49a] in seq2graph_proxy
========= 
========= Host API memory access error at host access to 0x7ea9dcc51a00 of size 256 bytes
=========     Uninitialized access at 0x7ea9dcc51a80 on access by cudaMemcpy source
=========     Saved host backtrace up to driver entry point at error
=========         Host Frame: theseus::gpu::align_batch(theseus::gpu::BatchView const&, theseus::gpu::DeviceGraph const*, theseus::gpu::DeviceWorkspace*, int const*, int const*, theseus::gpu::AlignScoring, theseus::gpu::AlignOptions, theseus::gpu::AlignResult*, void*, int*) [0x24879] in seq2graph_proxy
=========         Host Frame: theseus::TheseusAligner::align_batch_gpu(std::vector<std::__cxx11::basic_string<char, std::char_traits<char>, std::allocator<char> >, std::allocator<std::__cxx11::basic_string<char, std::char_traits<char>, std::allocator<char> > > > const&, std::vector<std::__cxx11::basic_string<char, std::char_traits<char>, std::allocator<char> >, std::allocator<std::__cxx11::basic_string<char, std::char_traits<char>, std::allocator<char> > > >&, std::vector<int, std::allocator<int> >&, theseus::GpuBatchReport*, int, bool) [0x17579] in seq2graph_proxy
=========         Host Frame: run_gpu(theseus::TheseusAligner&, Inputs&, std::ostream&, int, bool, bool, double&, int) [0xdcec] in seq2graph_proxy
=========         Host Frame: main [0xd49a] in seq2graph_proxy
========= 
========= Host API memory access error at host access to 0x7ea9dcc51a00 of size 256 bytes
=========     Uninitialized access at 0x7ea9dcc51aa0 on access by cudaMemcpy source
=========     Saved host backtrace up to driver entry point at error
=========         Host Frame: theseus::gpu::align_batch(theseus::gpu::BatchView const&, theseus::gpu::DeviceGraph const*, theseus::gpu::DeviceWorkspace*, int const*, int const*, theseus::gpu::AlignScoring, theseus::gpu::AlignOptions, theseus::gpu::AlignResult*, void*, int*) [0x24879] in seq2graph_proxy
=========         Host Frame: theseus::TheseusAligner::align_batch_gpu(std::vector<std::__cxx11::basic_string<char, std::char_traits<char>, std::allocator<char> >, std::allocator<std::__cxx11::basic_string<char, std::char_traits<char>, std::allocator<char> > > > const&, std::vector<std::__cxx11::basic_string<char, std::char_traits<char>, std::allocator<char> >, std::allocator<std::__cxx11::basic_string<char, std::char_traits<char>, std::allocator<char> > > >&, std::vector<int, std::allocator<int> >&, theseus::GpuBatchReport*, int, bool) [0x17579] in seq2graph_proxy
=========         Host Frame: run_gpu(theseus::TheseusAligner&, Inputs&, std::ostream&, int, bool, bool, double&, int) [0xdcec] in seq2graph_proxy
=========         Host Frame: main [0xd49a] in seq2graph_proxy
========= 
========= Host API memory access error at host access to 0x7ea9dcc51a00 of size 256 bytes
=========     Uninitialized access at 0x7ea9dcc51ac0 on access by cudaMemcpy source
=========     Saved host backtrace up to driver entry point at error
=========         Host Frame: theseus::gpu::align_batch(theseus::gpu::BatchView const&, theseus::gpu::DeviceGraph const*, theseus::gpu::DeviceWorkspace*, int const*, int const*, theseus::gpu::AlignScoring, theseus::gpu::AlignOptions, theseus::gpu::AlignResult*, void*, int*) [0x24879] in seq2graph_proxy
=========         Host Frame: theseus::TheseusAligner::align_batch_gpu(std::vector<std::__cxx11::basic_string<char, std::char_traits<char>, std::allocator<char> >, std::allocator<std::__cxx11::basic_string<char, std::char_traits<char>, std::allocator<char> > > > const&, std::vector<std::__cxx11::basic_string<char, std::char_traits<char>, std::allocator<char> >, std::allocator<std::__cxx11::basic_string<char, std::char_traits<char>, std::allocator<char> > > >&, std::vector<int, std::allocator<int> >&, theseus::GpuBatchReport*, int, bool) [0x17579] in seq2graph_proxy
=========         Host Frame: run_gpu(theseus::TheseusAligner&, Inputs&, std::ostream&, int, bool, bool, double&, int) [0xdcec] in seq2graph_proxy
=========         Host Frame: main [0xd49a] in seq2graph_proxy
========= 
========= Host API memory access error at host access to 0x7ea9dcc51a00 of size 256 bytes
=========     Uninitialized access at 0x7ea9dcc51ae0 on access by cudaMemcpy source
=========     Saved host backtrace up to driver entry point at error
=========         Host Frame: theseus::gpu::align_batch(theseus::gpu::BatchView const&, theseus::gpu::DeviceGraph const*, theseus::gpu::DeviceWorkspace*, int const*, int const*, theseus::gpu::AlignScoring, theseus::gpu::AlignOptions, theseus::gpu::AlignResult*, void*, int*) [0x24879] in seq2graph_proxy
=========         Host Frame: theseus::TheseusAligner::align_batch_gpu(std::vector<std::__cxx11::basic_string<char, std::char_traits<char>, std::allocator<char> >, std::allocator<std::__cxx11::basic_string<char, std::char_traits<char>, std::allocator<char> > > > const&, std::vector<std::__cxx11::basic_string<char, std::char_traits<char>, std::allocator<char> >, std::allocator<std::__cxx11::basic_string<char, std::char_traits<char>, std::allocator<char> > > >&, std::vector<int, std::allocator<int> >&, theseus::GpuBatchReport*, int, bool) [0x17579] in seq2graph_proxy
=========         Host Frame: run_gpu(theseus::TheseusAligner&, Inputs&, std::ostream&, int, bool, bool, double&, int) [0xdcec] in seq2graph_proxy
=========         Host Frame: main [0xd49a] in seq2graph_proxy
========= 
GPU backend: threads/block 256; aligned on device; GAF reconstructed from compact GPU state with host backtrace; timing_ms h2d=0.057280 kernel=10.424384 d2h=30.738785 total=41.220448
GPU timing: h2d 0.05728 ms; kernel 10.4244 ms; d2h 30.7388 ms; total 41.2204 ms
GPU host stages: prepare 0.002445 ms; graph 239.148 ms; host_buffers 1.92625 ms; cpu_verification 0 ms; traceback 0.006307 ms; alignment_construction 0.0034 ms; align_batch 284.982 ms
Aligned 8 sequences in 285097 microseconds on gpu
Application timing: graph_parse 4.69452 ms; input_parse 0.01981 ms; gaf_serialization 0.028451 ms; output_flush 0.019125 ms; total 289.919 ms
========= ERROR SUMMARY: 8 errors
