========= COMPUTE-SANITIZER
========= Uninitialized __global__ memory read of size 4 bytes
=========     at theseus::gpu::core_check_end(const theseus::Cell &, int, bool &, theseus::Cell &)+0x3bc0 in align_core.h:39
=========     by thread (0,0,0) in block (0,0,0)
=========     Address 0x78594a1b003c
=========         Device Frame: theseus::gpu::core_extend_diagonal(theseus::QueryState &, const char *, int, const theseus::gpu::GraphCsrView &, int, theseus::Cell &, theseus::Cell &, long, theseus::Cell::Matrix, bool &, theseus::Cell &)+0x3b60 in align_core.h:281
=========         Device Frame: theseus::gpu::<unnamed>::align_one(theseus::QueryState &, const theseus::gpu::AlignScoring &, const char *, int, const theseus::gpu::GraphCsrView &, int, int, theseus::gpu::AlignResult &, int &, int &, int &, int &, int &, long &, long &, int *, theseus::gpu::<unnamed>::ICandidateRanges &, theseus::gpu::<unnamed>::SparsifyPlan &, theseus::Cell *, int *, int &, int *, int &, int &, theseus::Cell &)+0x3910 in align_gpu.cu:1149
=========         Device Frame: theseus::gpu::<unnamed>::theseus_align_batch_kernel(theseus::gpu::BatchView, theseus::gpu::GraphCsrView, const int *, const int *, theseus::gpu::AlignScoring, theseus::QueryState *, theseus::gpu::AlignResult *)+0x3670 in align_gpu.cu:1258
=========     Saved host backtrace up to driver entry point at kernel launch time
=========         Host Frame: cudaLaunchKernel [0x976b7] in seq2graph_proxy
=========         Host Frame: theseus::gpu::align_batch(theseus::gpu::BatchView const&, theseus::gpu::DeviceGraph const*, theseus::gpu::DeviceWorkspace*, int const*, int const*, theseus::gpu::AlignScoring, theseus::gpu::AlignOptions, theseus::gpu::AlignResult*, void*, int*) [0x248b9] in seq2graph_proxy
=========         Host Frame: theseus::TheseusAligner::align_batch_gpu(std::vector<std::__cxx11::basic_string<char, std::char_traits<char>, std::allocator<char> >, std::allocator<std::__cxx11::basic_string<char, std::char_traits<char>, std::allocator<char> > > > const&, std::vector<std::__cxx11::basic_string<char, std::char_traits<char>, std::allocator<char> >, std::allocator<std::__cxx11::basic_string<char, std::char_traits<char>, std::allocator<char> > > >&, std::vector<int, std::allocator<int> >&, theseus::GpuBatchReport*, int, bool) [0x16e09] in seq2graph_proxy
=========         Host Frame: run_gpu(theseus::TheseusAligner&, Inputs&, std::ostream&, int, bool, bool, double&) [0xdb22] in seq2graph_proxy
=========         Host Frame: main [0xd3f4] in seq2graph_proxy
========= 
========= Uninitialized __global__ memory read of size 4 bytes
=========     at theseus::gpu::core_check_end(const theseus::Cell &, int, bool &, theseus::Cell &)+0x3bc0 in align_core.h:39
=========     by thread (0,0,0) in block (1,0,0)
=========     Address 0x78594a617144
=========         Device Frame: theseus::gpu::core_extend_diagonal(theseus::QueryState &, const char *, int, const theseus::gpu::GraphCsrView &, int, theseus::Cell &, theseus::Cell &, long, theseus::Cell::Matrix, bool &, theseus::Cell &)+0x3b60 in align_core.h:281
=========         Device Frame: theseus::gpu::<unnamed>::align_one(theseus::QueryState &, const theseus::gpu::AlignScoring &, const char *, int, const theseus::gpu::GraphCsrView &, int, int, theseus::gpu::AlignResult &, int &, int &, int &, int &, int &, long &, long &, int *, theseus::gpu::<unnamed>::ICandidateRanges &, theseus::gpu::<unnamed>::SparsifyPlan &, theseus::Cell *, int *, int &, int *, int &, int &, theseus::Cell &)+0x3910 in align_gpu.cu:1149
=========         Device Frame: theseus::gpu::<unnamed>::theseus_align_batch_kernel(theseus::gpu::BatchView, theseus::gpu::GraphCsrView, const int *, const int *, theseus::gpu::AlignScoring, theseus::QueryState *, theseus::gpu::AlignResult *)+0x3670 in align_gpu.cu:1258
=========     Saved host backtrace up to driver entry point at kernel launch time
=========         Host Frame: cudaLaunchKernel [0x976b7] in seq2graph_proxy
=========         Host Frame: theseus::gpu::align_batch(theseus::gpu::BatchView const&, theseus::gpu::DeviceGraph const*, theseus::gpu::DeviceWorkspace*, int const*, int const*, theseus::gpu::AlignScoring, theseus::gpu::AlignOptions, theseus::gpu::AlignResult*, void*, int*) [0x248b9] in seq2graph_proxy
=========         Host Frame: theseus::TheseusAligner::align_batch_gpu(std::vector<std::__cxx11::basic_string<char, std::char_traits<char>, std::allocator<char> >, std::allocator<std::__cxx11::basic_string<char, std::char_traits<char>, std::allocator<char> > > > const&, std::vector<std::__cxx11::basic_string<char, std::char_traits<char>, std::allocator<char> >, std::allocator<std::__cxx11::basic_string<char, std::char_traits<char>, std::allocator<char> > > >&, std::vector<int, std::allocator<int> >&, theseus::GpuBatchReport*, int, bool) [0x16e09] in seq2graph_proxy
=========         Host Frame: run_gpu(theseus::TheseusAligner&, Inputs&, std::ostream&, int, bool, bool, double&) [0xdb22] in seq2graph_proxy
=========         Host Frame: main [0xd3f4] in seq2graph_proxy
========= 
========= Uninitialized __global__ memory read of size 4 bytes
=========     at theseus::gpu::core_check_end(const theseus::Cell &, int, bool &, theseus::Cell &)+0x3bc0 in align_core.h:39
=========     by thread (0,0,0) in block (2,0,0)
=========     Address 0x78594aa7e24c
=========         Device Frame: theseus::gpu::core_extend_diagonal(theseus::QueryState &, const char *, int, const theseus::gpu::GraphCsrView &, int, theseus::Cell &, theseus::Cell &, long, theseus::Cell::Matrix, bool &, theseus::Cell &)+0x3b60 in align_core.h:281
=========         Device Frame: theseus::gpu::<unnamed>::align_one(theseus::QueryState &, const theseus::gpu::AlignScoring &, const char *, int, const theseus::gpu::GraphCsrView &, int, int, theseus::gpu::AlignResult &, int &, int &, int &, int &, int &, long &, long &, int *, theseus::gpu::<unnamed>::ICandidateRanges &, theseus::gpu::<unnamed>::SparsifyPlan &, theseus::Cell *, int *, int &, int *, int &, int &, theseus::Cell &)+0x3910 in align_gpu.cu:1149
=========         Device Frame: theseus::gpu::<unnamed>::theseus_align_batch_kernel(theseus::gpu::BatchView, theseus::gpu::GraphCsrView, const int *, const int *, theseus::gpu::AlignScoring, theseus::QueryState *, theseus::gpu::AlignResult *)+0x3670 in align_gpu.cu:1258
=========     Saved host backtrace up to driver entry point at kernel launch time
=========         Host Frame: cudaLaunchKernel [0x976b7] in seq2graph_proxy
=========         Host Frame: theseus::gpu::align_batch(theseus::gpu::BatchView const&, theseus::gpu::DeviceGraph const*, theseus::gpu::DeviceWorkspace*, int const*, int const*, theseus::gpu::AlignScoring, theseus::gpu::AlignOptions, theseus::gpu::AlignResult*, void*, int*) [0x248b9] in seq2graph_proxy
=========         Host Frame: theseus::TheseusAligner::align_batch_gpu(std::vector<std::__cxx11::basic_string<char, std::char_traits<char>, std::allocator<char> >, std::allocator<std::__cxx11::basic_string<char, std::char_traits<char>, std::allocator<char> > > > const&, std::vector<std::__cxx11::basic_string<char, std::char_traits<char>, std::allocator<char> >, std::allocator<std::__cxx11::basic_string<char, std::char_traits<char>, std::allocator<char> > > >&, std::vector<int, std::allocator<int> >&, theseus::GpuBatchReport*, int, bool) [0x16e09] in seq2graph_proxy
=========         Host Frame: run_gpu(theseus::TheseusAligner&, Inputs&, std::ostream&, int, bool, bool, double&) [0xdb22] in seq2graph_proxy
=========         Host Frame: main [0xd3f4] in seq2graph_proxy
========= 
========= Uninitialized __global__ memory read of size 4 bytes
=========     at theseus::gpu::core_check_end(const theseus::Cell &, int, bool &, theseus::Cell &)+0x3bc0 in align_core.h:39
=========     by thread (0,0,0) in block (3,0,0)
=========     Address 0x78594aee5354
=========         Device Frame: theseus::gpu::core_extend_diagonal(theseus::QueryState &, const char *, int, const theseus::gpu::GraphCsrView &, int, theseus::Cell &, theseus::Cell &, long, theseus::Cell::Matrix, bool &, theseus::Cell &)+0x3b60 in align_core.h:281
=========         Device Frame: theseus::gpu::<unnamed>::align_one(theseus::QueryState &, const theseus::gpu::AlignScoring &, const char *, int, const theseus::gpu::GraphCsrView &, int, int, theseus::gpu::AlignResult &, int &, int &, int &, int &, int &, long &, long &, int *, theseus::gpu::<unnamed>::ICandidateRanges &, theseus::gpu::<unnamed>::SparsifyPlan &, theseus::Cell *, int *, int &, int *, int &, int &, theseus::Cell &)+0x3910 in align_gpu.cu:1149
=========         Device Frame: theseus::gpu::<unnamed>::theseus_align_batch_kernel(theseus::gpu::BatchView, theseus::gpu::GraphCsrView, const int *, const int *, theseus::gpu::AlignScoring, theseus::QueryState *, theseus::gpu::AlignResult *)+0x3670 in align_gpu.cu:1258
=========     Saved host backtrace up to driver entry point at kernel launch time
=========         Host Frame: cudaLaunchKernel [0x976b7] in seq2graph_proxy
=========         Host Frame: theseus::gpu::align_batch(theseus::gpu::BatchView const&, theseus::gpu::DeviceGraph const*, theseus::gpu::DeviceWorkspace*, int const*, int const*, theseus::gpu::AlignScoring, theseus::gpu::AlignOptions, theseus::gpu::AlignResult*, void*, int*) [0x248b9] in seq2graph_proxy
=========         Host Frame: theseus::TheseusAligner::align_batch_gpu(std::vector<std::__cxx11::basic_string<char, std::char_traits<char>, std::allocator<char> >, std::allocator<std::__cxx11::basic_string<char, std::char_traits<char>, std::allocator<char> > > > const&, std::vector<std::__cxx11::basic_string<char, std::char_traits<char>, std::allocator<char> >, std::allocator<std::__cxx11::basic_string<char, std::char_traits<char>, std::allocator<char> > > >&, std::vector<int, std::allocator<int> >&, theseus::GpuBatchReport*, int, bool) [0x16e09] in seq2graph_proxy
=========         Host Frame: run_gpu(theseus::TheseusAligner&, Inputs&, std::ostream&, int, bool, bool, double&) [0xdb22] in seq2graph_proxy
=========         Host Frame: main [0xd3f4] in seq2graph_proxy
========= 
========= Uninitialized __global__ memory read of size 4 bytes
=========     at theseus::gpu::core_check_end(const theseus::Cell &, int, bool &, theseus::Cell &)+0x3bc0 in align_core.h:39
=========     by thread (0,0,0) in block (4,0,0)
=========     Address 0x78594b34c45c
=========         Device Frame: theseus::gpu::core_extend_diagonal(theseus::QueryState &, const char *, int, const theseus::gpu::GraphCsrView &, int, theseus::Cell &, theseus::Cell &, long, theseus::Cell::Matrix, bool &, theseus::Cell &)+0x3b60 in align_core.h:281
=========         Device Frame: theseus::gpu::<unnamed>::align_one(theseus::QueryState &, const theseus::gpu::AlignScoring &, const char *, int, const theseus::gpu::GraphCsrView &, int, int, theseus::gpu::AlignResult &, int &, int &, int &, int &, int &, long &, long &, int *, theseus::gpu::<unnamed>::ICandidateRanges &, theseus::gpu::<unnamed>::SparsifyPlan &, theseus::Cell *, int *, int &, int *, int &, int &, theseus::Cell &)+0x3910 in align_gpu.cu:1149
=========         Device Frame: theseus::gpu::<unnamed>::theseus_align_batch_kernel(theseus::gpu::BatchView, theseus::gpu::GraphCsrView, const int *, const int *, theseus::gpu::AlignScoring, theseus::QueryState *, theseus::gpu::AlignResult *)+0x3670 in align_gpu.cu:1258
=========     Saved host backtrace up to driver entry point at kernel launch time
=========         Host Frame: cudaLaunchKernel [0x976b7] in seq2graph_proxy
=========         Host Frame: theseus::gpu::align_batch(theseus::gpu::BatchView const&, theseus::gpu::DeviceGraph const*, theseus::gpu::DeviceWorkspace*, int const*, int const*, theseus::gpu::AlignScoring, theseus::gpu::AlignOptions, theseus::gpu::AlignResult*, void*, int*) [0x248b9] in seq2graph_proxy
=========         Host Frame: theseus::TheseusAligner::align_batch_gpu(std::vector<std::__cxx11::basic_string<char, std::char_traits<char>, std::allocator<char> >, std::allocator<std::__cxx11::basic_string<char, std::char_traits<char>, std::allocator<char> > > > const&, std::vector<std::__cxx11::basic_string<char, std::char_traits<char>, std::allocator<char> >, std::allocator<std::__cxx11::basic_string<char, std::char_traits<char>, std::allocator<char> > > >&, std::vector<int, std::allocator<int> >&, theseus::GpuBatchReport*, int, bool) [0x16e09] in seq2graph_proxy
=========         Host Frame: run_gpu(theseus::TheseusAligner&, Inputs&, std::ostream&, int, bool, bool, double&) [0xdb22] in seq2graph_proxy
=========         Host Frame: main [0xd3f4] in seq2graph_proxy
========= 
========= Uninitialized __global__ memory read of size 4 bytes
=========     at theseus::gpu::core_check_end(const theseus::Cell &, int, bool &, theseus::Cell &)+0x3bc0 in align_core.h:39
=========     by thread (0,0,0) in block (5,0,0)
=========     Address 0x78594b7b3564
=========         Device Frame: theseus::gpu::core_extend_diagonal(theseus::QueryState &, const char *, int, const theseus::gpu::GraphCsrView &, int, theseus::Cell &, theseus::Cell &, long, theseus::Cell::Matrix, bool &, theseus::Cell &)+0x3b60 in align_core.h:281
=========         Device Frame: theseus::gpu::<unnamed>::align_one(theseus::QueryState &, const theseus::gpu::AlignScoring &, const char *, int, const theseus::gpu::GraphCsrView &, int, int, theseus::gpu::AlignResult &, int &, int &, int &, int &, int &, long &, long &, int *, theseus::gpu::<unnamed>::ICandidateRanges &, theseus::gpu::<unnamed>::SparsifyPlan &, theseus::Cell *, int *, int &, int *, int &, int &, theseus::Cell &)+0x3910 in align_gpu.cu:1149
=========         Device Frame: theseus::gpu::<unnamed>::theseus_align_batch_kernel(theseus::gpu::BatchView, theseus::gpu::GraphCsrView, const int *, const int *, theseus::gpu::AlignScoring, theseus::QueryState *, theseus::gpu::AlignResult *)+0x3670 in align_gpu.cu:1258
=========     Saved host backtrace up to driver entry point at kernel launch time
=========         Host Frame: cudaLaunchKernel [0x976b7] in seq2graph_proxy
=========         Host Frame: theseus::gpu::align_batch(theseus::gpu::BatchView const&, theseus::gpu::DeviceGraph const*, theseus::gpu::DeviceWorkspace*, int const*, int const*, theseus::gpu::AlignScoring, theseus::gpu::AlignOptions, theseus::gpu::AlignResult*, void*, int*) [0x248b9] in seq2graph_proxy
=========         Host Frame: theseus::TheseusAligner::align_batch_gpu(std::vector<std::__cxx11::basic_string<char, std::char_traits<char>, std::allocator<char> >, std::allocator<std::__cxx11::basic_string<char, std::char_traits<char>, std::allocator<char> > > > const&, std::vector<std::__cxx11::basic_string<char, std::char_traits<char>, std::allocator<char> >, std::allocator<std::__cxx11::basic_string<char, std::char_traits<char>, std::allocator<char> > > >&, std::vector<int, std::allocator<int> >&, theseus::GpuBatchReport*, int, bool) [0x16e09] in seq2graph_proxy
=========         Host Frame: run_gpu(theseus::TheseusAligner&, Inputs&, std::ostream&, int, bool, bool, double&) [0xdb22] in seq2graph_proxy
=========         Host Frame: main [0xd3f4] in seq2graph_proxy
========= 
GPU backend: threads/block 64; aligned on device; GAF reconstructed from compact GPU state with host backtrace; timing_ms h2d=0.076352 kernel=94.631935 d2h=20325.712891 total=20420.419922
GPU timing: h2d 0.076352 ms; kernel 94.6319 ms; d2h 20325.7 ms; total 20420.4 ms
GPU host stages: prepare 0.001933 ms; graph 233.522 ms; host_buffers 2.03625 ms; cpu_verification 0 ms; traceback 0.003263 ms; alignment_construction 0.002751 ms; align_batch 20658.4 ms
Aligned 8 sequences in 20658491 microseconds on gpu
Application timing: graph_parse 2.49698 ms; input_parse 0.018623 ms; gaf_serialization 0.027674 ms; output_flush 0.020294 ms; total 20661.1 ms
========= ERROR SUMMARY: 73758 errors
========= ERROR SUMMARY: 73752 errors were not printed. Use --print-limit option to adjust the number of printed errors
