========= COMPUTE-SANITIZER
========= Uninitialized __global__ memory read of size 8 bytes
=========     at theseus::gpu::<unnamed>::make_sparsify_candidate(const theseus::gpu::<unnamed>::SparsifyPlan &, int, theseus::Cell &)+0x20af0 in align_gpu.cu:509
=========     by thread (0,0,0) in block (0,0,0)
=========     Address 0x7e577c1b0038
=========         Device Frame: theseus::gpu::<unnamed>::run_sparsify_plan(theseus::QueryState &, const theseus::gpu::<unnamed>::SparsifyPlan &, theseus::Cell *, int *, int *, int &)+0x207c0 in align_gpu.cu:697
=========         Device Frame: [clone theseus::gpu::<unnamed>::theseus_align_batch_kernel(theseus::gpu::BatchView, theseus::gpu::GraphCsrView, const int *, const int *, theseus::gpu::AlignScoring, theseus::QueryState *, theseus::gpu::AlignResult *)] theseus::gpu::<unnamed>::process_vertex(theseus::gpu::QueryState &, const theseus::gpu::<unnamed>::AlignScoring &, const char *, int, const theseus::gpu::<unnamed>::GraphCsrView &, int, int, long &, theseus::gpu, int *, theseus::gpu::BatchView::ICandidateRanges &, theseus::gpu::BatchView::SparsifyPlan &, theseus::gpu::Cell *, theseus::gpu::<unnamed>, int &, theseus::gpu::<unnamed>, const char *, const char *, const theseus::gpu::<unnamed>::AlignScoring &&)+0x205e0 in align_gpu.cu:1014
=========         Device Frame: theseus::gpu::<unnamed>::compute_new_wave(theseus::QueryState &, const theseus::gpu::AlignScoring &, const char *, int, const theseus::gpu::GraphCsrView &, int, int &, int &, long &, long &, int *, theseus::gpu::<unnamed>::ICandidateRanges &, theseus::gpu::<unnamed>::SparsifyPlan &, theseus::Cell *, int *, int &, int *, int &, int &, theseus::Cell &)+0xd430 in align_gpu.cu:1108
=========         Device Frame: theseus::gpu::<unnamed>::align_one(theseus::QueryState &, const theseus::gpu::AlignScoring &, const char *, int, const theseus::gpu::GraphCsrView &, int, int, theseus::gpu::AlignResult &, int &, int &, int &, int &, int &, long &, long &, int *, theseus::gpu::<unnamed>::ICandidateRanges &, theseus::gpu::<unnamed>::SparsifyPlan &, theseus::Cell *, int *, int &, int *, int &, int &, int &, theseus::Cell &)+0x8a80 in align_gpu.cu:1266
=========         Device Frame: theseus::gpu::<unnamed>::theseus_align_batch_kernel(theseus::gpu::BatchView, theseus::gpu::GraphCsrView, const int *, const int *, theseus::gpu::AlignScoring, theseus::QueryState *, theseus::gpu::AlignResult *)+0xae0 in align_gpu.cu:1392
=========     Saved host backtrace up to driver entry point at kernel launch time
=========         Host Frame: cudaLaunchKernel [0x97f37] in seq2graph_proxy
=========         Host Frame: theseus::gpu::align_batch(theseus::gpu::BatchView const&, theseus::gpu::DeviceGraph const*, theseus::gpu::DeviceWorkspace*, int const*, int const*, theseus::gpu::AlignScoring, theseus::gpu::AlignOptions, theseus::gpu::AlignResult*, void*, int*) [0x25129] in seq2graph_proxy
=========         Host Frame: theseus::TheseusAligner::align_batch_gpu(std::vector<std::__cxx11::basic_string<char, std::char_traits<char>, std::allocator<char> >, std::allocator<std::__cxx11::basic_string<char, std::char_traits<char>, std::allocator<char> > > > const&, std::vector<std::__cxx11::basic_string<char, std::char_traits<char>, std::allocator<char> >, std::allocator<std::__cxx11::basic_string<char, std::char_traits<char>, std::allocator<char> > > >&, std::vector<int, std::allocator<int> >&, theseus::GpuBatchReport*, int, bool) [0x17579] in seq2graph_proxy
=========         Host Frame: run_gpu(theseus::TheseusAligner&, Inputs&, std::ostream&, int, bool, bool, double&, int) [0xdcec] in seq2graph_proxy
=========         Host Frame: main [0xd49a] in seq2graph_proxy
========= 
========= Uninitialized __global__ memory read of size 8 bytes
=========     at theseus::gpu::<unnamed>::make_sparsify_candidate(const theseus::gpu::<unnamed>::SparsifyPlan &, int, theseus::Cell &)+0x20af0 in align_gpu.cu:509
=========     by thread (0,0,0) in block (1,0,0)
=========     Address 0x7e577c617140
=========         Device Frame: theseus::gpu::<unnamed>::run_sparsify_plan(theseus::QueryState &, const theseus::gpu::<unnamed>::SparsifyPlan &, theseus::Cell *, int *, int *, int &)+0x207c0 in align_gpu.cu:697
=========         Device Frame: [clone theseus::gpu::<unnamed>::theseus_align_batch_kernel(theseus::gpu::BatchView, theseus::gpu::GraphCsrView, const int *, const int *, theseus::gpu::AlignScoring, theseus::QueryState *, theseus::gpu::AlignResult *)] theseus::gpu::<unnamed>::process_vertex(theseus::gpu::QueryState &, const theseus::gpu::<unnamed>::AlignScoring &, const char *, int, const theseus::gpu::<unnamed>::GraphCsrView &, int, int, long &, theseus::gpu, int *, theseus::gpu::BatchView::ICandidateRanges &, theseus::gpu::BatchView::SparsifyPlan &, theseus::gpu::Cell *, theseus::gpu::<unnamed>, int &, theseus::gpu::<unnamed>, const char *, const char *, const theseus::gpu::<unnamed>::AlignScoring &&)+0x205e0 in align_gpu.cu:1014
=========         Device Frame: theseus::gpu::<unnamed>::compute_new_wave(theseus::QueryState &, const theseus::gpu::AlignScoring &, const char *, int, const theseus::gpu::GraphCsrView &, int, int &, int &, long &, long &, int *, theseus::gpu::<unnamed>::ICandidateRanges &, theseus::gpu::<unnamed>::SparsifyPlan &, theseus::Cell *, int *, int &, int *, int &, int &, theseus::Cell &)+0xd430 in align_gpu.cu:1108
=========         Device Frame: theseus::gpu::<unnamed>::align_one(theseus::QueryState &, const theseus::gpu::AlignScoring &, const char *, int, const theseus::gpu::GraphCsrView &, int, int, theseus::gpu::AlignResult &, int &, int &, int &, int &, int &, long &, long &, int *, theseus::gpu::<unnamed>::ICandidateRanges &, theseus::gpu::<unnamed>::SparsifyPlan &, theseus::Cell *, int *, int &, int *, int &, int &, int &, theseus::Cell &)+0x8a80 in align_gpu.cu:1266
=========         Device Frame: theseus::gpu::<unnamed>::theseus_align_batch_kernel(theseus::gpu::BatchView, theseus::gpu::GraphCsrView, const int *, const int *, theseus::gpu::AlignScoring, theseus::QueryState *, theseus::gpu::AlignResult *)+0xae0 in align_gpu.cu:1392
=========     Saved host backtrace up to driver entry point at kernel launch time
=========         Host Frame: cudaLaunchKernel [0x97f37] in seq2graph_proxy
=========         Host Frame: theseus::gpu::align_batch(theseus::gpu::BatchView const&, theseus::gpu::DeviceGraph const*, theseus::gpu::DeviceWorkspace*, int const*, int const*, theseus::gpu::AlignScoring, theseus::gpu::AlignOptions, theseus::gpu::AlignResult*, void*, int*) [0x25129] in seq2graph_proxy
=========         Host Frame: theseus::TheseusAligner::align_batch_gpu(std::vector<std::__cxx11::basic_string<char, std::char_traits<char>, std::allocator<char> >, std::allocator<std::__cxx11::basic_string<char, std::char_traits<char>, std::allocator<char> > > > const&, std::vector<std::__cxx11::basic_string<char, std::char_traits<char>, std::allocator<char> >, std::allocator<std::__cxx11::basic_string<char, std::char_traits<char>, std::allocator<char> > > >&, std::vector<int, std::allocator<int> >&, theseus::GpuBatchReport*, int, bool) [0x17579] in seq2graph_proxy
=========         Host Frame: run_gpu(theseus::TheseusAligner&, Inputs&, std::ostream&, int, bool, bool, double&, int) [0xdcec] in seq2graph_proxy
=========         Host Frame: main [0xd49a] in seq2graph_proxy
========= 
========= Uninitialized __global__ memory read of size 8 bytes
=========     at theseus::gpu::<unnamed>::make_sparsify_candidate(const theseus::gpu::<unnamed>::SparsifyPlan &, int, theseus::Cell &)+0x20af0 in align_gpu.cu:509
=========     by thread (0,0,0) in block (2,0,0)
=========     Address 0x7e577ca7e248
=========         Device Frame: theseus::gpu::<unnamed>::run_sparsify_plan(theseus::QueryState &, const theseus::gpu::<unnamed>::SparsifyPlan &, theseus::Cell *, int *, int *, int &)+0x207c0 in align_gpu.cu:697
=========         Device Frame: [clone theseus::gpu::<unnamed>::theseus_align_batch_kernel(theseus::gpu::BatchView, theseus::gpu::GraphCsrView, const int *, const int *, theseus::gpu::AlignScoring, theseus::QueryState *, theseus::gpu::AlignResult *)] theseus::gpu::<unnamed>::process_vertex(theseus::gpu::QueryState &, const theseus::gpu::<unnamed>::AlignScoring &, const char *, int, const theseus::gpu::<unnamed>::GraphCsrView &, int, int, long &, theseus::gpu, int *, theseus::gpu::BatchView::ICandidateRanges &, theseus::gpu::BatchView::SparsifyPlan &, theseus::gpu::Cell *, theseus::gpu::<unnamed>, int &, theseus::gpu::<unnamed>, const char *, const char *, const theseus::gpu::<unnamed>::AlignScoring &&)+0x205e0 in align_gpu.cu:1014
=========         Device Frame: theseus::gpu::<unnamed>::compute_new_wave(theseus::QueryState &, const theseus::gpu::AlignScoring &, const char *, int, const theseus::gpu::GraphCsrView &, int, int &, int &, long &, long &, int *, theseus::gpu::<unnamed>::ICandidateRanges &, theseus::gpu::<unnamed>::SparsifyPlan &, theseus::Cell *, int *, int &, int *, int &, int &, theseus::Cell &)+0xd430 in align_gpu.cu:1108
=========         Device Frame: theseus::gpu::<unnamed>::align_one(theseus::QueryState &, const theseus::gpu::AlignScoring &, const char *, int, const theseus::gpu::GraphCsrView &, int, int, theseus::gpu::AlignResult &, int &, int &, int &, int &, int &, long &, long &, int *, theseus::gpu::<unnamed>::ICandidateRanges &, theseus::gpu::<unnamed>::SparsifyPlan &, theseus::Cell *, int *, int &, int *, int &, int &, int &, theseus::Cell &)+0x8a80 in align_gpu.cu:1266
=========         Device Frame: theseus::gpu::<unnamed>::theseus_align_batch_kernel(theseus::gpu::BatchView, theseus::gpu::GraphCsrView, const int *, const int *, theseus::gpu::AlignScoring, theseus::QueryState *, theseus::gpu::AlignResult *)+0xae0 in align_gpu.cu:1392
=========     Saved host backtrace up to driver entry point at kernel launch time
=========         Host Frame: cudaLaunchKernel [0x97f37] in seq2graph_proxy
=========         Host Frame: theseus::gpu::align_batch(theseus::gpu::BatchView const&, theseus::gpu::DeviceGraph const*, theseus::gpu::DeviceWorkspace*, int const*, int const*, theseus::gpu::AlignScoring, theseus::gpu::AlignOptions, theseus::gpu::AlignResult*, void*, int*) [0x25129] in seq2graph_proxy
=========         Host Frame: theseus::TheseusAligner::align_batch_gpu(std::vector<std::__cxx11::basic_string<char, std::char_traits<char>, std::allocator<char> >, std::allocator<std::__cxx11::basic_string<char, std::char_traits<char>, std::allocator<char> > > > const&, std::vector<std::__cxx11::basic_string<char, std::char_traits<char>, std::allocator<char> >, std::allocator<std::__cxx11::basic_string<char, std::char_traits<char>, std::allocator<char> > > >&, std::vector<int, std::allocator<int> >&, theseus::GpuBatchReport*, int, bool) [0x17579] in seq2graph_proxy
=========         Host Frame: run_gpu(theseus::TheseusAligner&, Inputs&, std::ostream&, int, bool, bool, double&, int) [0xdcec] in seq2graph_proxy
=========         Host Frame: main [0xd49a] in seq2graph_proxy
========= 
========= Uninitialized __global__ memory read of size 8 bytes
=========     at theseus::gpu::<unnamed>::make_sparsify_candidate(const theseus::gpu::<unnamed>::SparsifyPlan &, int, theseus::Cell &)+0x20af0 in align_gpu.cu:509
=========     by thread (0,0,0) in block (3,0,0)
=========     Address 0x7e577cee5350
=========         Device Frame: theseus::gpu::<unnamed>::run_sparsify_plan(theseus::QueryState &, const theseus::gpu::<unnamed>::SparsifyPlan &, theseus::Cell *, int *, int *, int &)+0x207c0 in align_gpu.cu:697
=========         Device Frame: [clone theseus::gpu::<unnamed>::theseus_align_batch_kernel(theseus::gpu::BatchView, theseus::gpu::GraphCsrView, const int *, const int *, theseus::gpu::AlignScoring, theseus::QueryState *, theseus::gpu::AlignResult *)] theseus::gpu::<unnamed>::process_vertex(theseus::gpu::QueryState &, const theseus::gpu::<unnamed>::AlignScoring &, const char *, int, const theseus::gpu::<unnamed>::GraphCsrView &, int, int, long &, theseus::gpu, int *, theseus::gpu::BatchView::ICandidateRanges &, theseus::gpu::BatchView::SparsifyPlan &, theseus::gpu::Cell *, theseus::gpu::<unnamed>, int &, theseus::gpu::<unnamed>, const char *, const char *, const theseus::gpu::<unnamed>::AlignScoring &&)+0x205e0 in align_gpu.cu:1014
=========         Device Frame: theseus::gpu::<unnamed>::compute_new_wave(theseus::QueryState &, const theseus::gpu::AlignScoring &, const char *, int, const theseus::gpu::GraphCsrView &, int, int &, int &, long &, long &, int *, theseus::gpu::<unnamed>::ICandidateRanges &, theseus::gpu::<unnamed>::SparsifyPlan &, theseus::Cell *, int *, int &, int *, int &, int &, theseus::Cell &)+0xd430 in align_gpu.cu:1108
=========         Device Frame: theseus::gpu::<unnamed>::align_one(theseus::QueryState &, const theseus::gpu::AlignScoring &, const char *, int, const theseus::gpu::GraphCsrView &, int, int, theseus::gpu::AlignResult &, int &, int &, int &, int &, int &, long &, long &, int *, theseus::gpu::<unnamed>::ICandidateRanges &, theseus::gpu::<unnamed>::SparsifyPlan &, theseus::Cell *, int *, int &, int *, int &, int &, int &, theseus::Cell &)+0x8a80 in align_gpu.cu:1266
=========         Device Frame: theseus::gpu::<unnamed>::theseus_align_batch_kernel(theseus::gpu::BatchView, theseus::gpu::GraphCsrView, const int *, const int *, theseus::gpu::AlignScoring, theseus::QueryState *, theseus::gpu::AlignResult *)+0xae0 in align_gpu.cu:1392
=========     Saved host backtrace up to driver entry point at kernel launch time
=========         Host Frame: cudaLaunchKernel [0x97f37] in seq2graph_proxy
=========         Host Frame: theseus::gpu::align_batch(theseus::gpu::BatchView const&, theseus::gpu::DeviceGraph const*, theseus::gpu::DeviceWorkspace*, int const*, int const*, theseus::gpu::AlignScoring, theseus::gpu::AlignOptions, theseus::gpu::AlignResult*, void*, int*) [0x25129] in seq2graph_proxy
=========         Host Frame: theseus::TheseusAligner::align_batch_gpu(std::vector<std::__cxx11::basic_string<char, std::char_traits<char>, std::allocator<char> >, std::allocator<std::__cxx11::basic_string<char, std::char_traits<char>, std::allocator<char> > > > const&, std::vector<std::__cxx11::basic_string<char, std::char_traits<char>, std::allocator<char> >, std::allocator<std::__cxx11::basic_string<char, std::char_traits<char>, std::allocator<char> > > >&, std::vector<int, std::allocator<int> >&, theseus::GpuBatchReport*, int, bool) [0x17579] in seq2graph_proxy
=========         Host Frame: run_gpu(theseus::TheseusAligner&, Inputs&, std::ostream&, int, bool, bool, double&, int) [0xdcec] in seq2graph_proxy
=========         Host Frame: main [0xd49a] in seq2graph_proxy
========= 
========= Uninitialized __global__ memory read of size 8 bytes
=========     at theseus::gpu::<unnamed>::make_sparsify_candidate(const theseus::gpu::<unnamed>::SparsifyPlan &, int, theseus::Cell &)+0x20af0 in align_gpu.cu:509
=========     by thread (0,0,0) in block (4,0,0)
=========     Address 0x7e577d34c458
=========         Device Frame: theseus::gpu::<unnamed>::run_sparsify_plan(theseus::QueryState &, const theseus::gpu::<unnamed>::SparsifyPlan &, theseus::Cell *, int *, int *, int &)+0x207c0 in align_gpu.cu:697
=========         Device Frame: [clone theseus::gpu::<unnamed>::theseus_align_batch_kernel(theseus::gpu::BatchView, theseus::gpu::GraphCsrView, const int *, const int *, theseus::gpu::AlignScoring, theseus::QueryState *, theseus::gpu::AlignResult *)] theseus::gpu::<unnamed>::process_vertex(theseus::gpu::QueryState &, const theseus::gpu::<unnamed>::AlignScoring &, const char *, int, const theseus::gpu::<unnamed>::GraphCsrView &, int, int, long &, theseus::gpu, int *, theseus::gpu::BatchView::ICandidateRanges &, theseus::gpu::BatchView::SparsifyPlan &, theseus::gpu::Cell *, theseus::gpu::<unnamed>, int &, theseus::gpu::<unnamed>, const char *, const char *, const theseus::gpu::<unnamed>::AlignScoring &&)+0x205e0 in align_gpu.cu:1014
=========         Device Frame: theseus::gpu::<unnamed>::compute_new_wave(theseus::QueryState &, const theseus::gpu::AlignScoring &, const char *, int, const theseus::gpu::GraphCsrView &, int, int &, int &, long &, long &, int *, theseus::gpu::<unnamed>::ICandidateRanges &, theseus::gpu::<unnamed>::SparsifyPlan &, theseus::Cell *, int *, int &, int *, int &, int &, theseus::Cell &)+0xd430 in align_gpu.cu:1108
=========         Device Frame: theseus::gpu::<unnamed>::align_one(theseus::QueryState &, const theseus::gpu::AlignScoring &, const char *, int, const theseus::gpu::GraphCsrView &, int, int, theseus::gpu::AlignResult &, int &, int &, int &, int &, int &, long &, long &, int *, theseus::gpu::<unnamed>::ICandidateRanges &, theseus::gpu::<unnamed>::SparsifyPlan &, theseus::Cell *, int *, int &, int *, int &, int &, int &, theseus::Cell &)+0x8a80 in align_gpu.cu:1266
=========         Device Frame: theseus::gpu::<unnamed>::theseus_align_batch_kernel(theseus::gpu::BatchView, theseus::gpu::GraphCsrView, const int *, const int *, theseus::gpu::AlignScoring, theseus::QueryState *, theseus::gpu::AlignResult *)+0xae0 in align_gpu.cu:1392
=========     Saved host backtrace up to driver entry point at kernel launch time
=========         Host Frame: cudaLaunchKernel [0x97f37] in seq2graph_proxy
=========         Host Frame: theseus::gpu::align_batch(theseus::gpu::BatchView const&, theseus::gpu::DeviceGraph const*, theseus::gpu::DeviceWorkspace*, int const*, int const*, theseus::gpu::AlignScoring, theseus::gpu::AlignOptions, theseus::gpu::AlignResult*, void*, int*) [0x25129] in seq2graph_proxy
=========         Host Frame: theseus::TheseusAligner::align_batch_gpu(std::vector<std::__cxx11::basic_string<char, std::char_traits<char>, std::allocator<char> >, std::allocator<std::__cxx11::basic_string<char, std::char_traits<char>, std::allocator<char> > > > const&, std::vector<std::__cxx11::basic_string<char, std::char_traits<char>, std::allocator<char> >, std::allocator<std::__cxx11::basic_string<char, std::char_traits<char>, std::allocator<char> > > >&, std::vector<int, std::allocator<int> >&, theseus::GpuBatchReport*, int, bool) [0x17579] in seq2graph_proxy
=========         Host Frame: run_gpu(theseus::TheseusAligner&, Inputs&, std::ostream&, int, bool, bool, double&, int) [0xdcec] in seq2graph_proxy
=========         Host Frame: main [0xd49a] in seq2graph_proxy
========= 
========= Uninitialized __global__ memory read of size 8 bytes
=========     at theseus::gpu::<unnamed>::make_sparsify_candidate(const theseus::gpu::<unnamed>::SparsifyPlan &, int, theseus::Cell &)+0x20af0 in align_gpu.cu:509
=========     by thread (0,0,0) in block (5,0,0)
=========     Address 0x7e577d7b3560
=========         Device Frame: theseus::gpu::<unnamed>::run_sparsify_plan(theseus::QueryState &, const theseus::gpu::<unnamed>::SparsifyPlan &, theseus::Cell *, int *, int *, int &)+0x207c0 in align_gpu.cu:697
=========         Device Frame: [clone theseus::gpu::<unnamed>::theseus_align_batch_kernel(theseus::gpu::BatchView, theseus::gpu::GraphCsrView, const int *, const int *, theseus::gpu::AlignScoring, theseus::QueryState *, theseus::gpu::AlignResult *)] theseus::gpu::<unnamed>::process_vertex(theseus::gpu::QueryState &, const theseus::gpu::<unnamed>::AlignScoring &, const char *, int, const theseus::gpu::<unnamed>::GraphCsrView &, int, int, long &, theseus::gpu, int *, theseus::gpu::BatchView::ICandidateRanges &, theseus::gpu::BatchView::SparsifyPlan &, theseus::gpu::Cell *, theseus::gpu::<unnamed>, int &, theseus::gpu::<unnamed>, const char *, const char *, const theseus::gpu::<unnamed>::AlignScoring &&)+0x205e0 in align_gpu.cu:1014
=========         Device Frame: theseus::gpu::<unnamed>::compute_new_wave(theseus::QueryState &, const theseus::gpu::AlignScoring &, const char *, int, const theseus::gpu::GraphCsrView &, int, int &, int &, long &, long &, int *, theseus::gpu::<unnamed>::ICandidateRanges &, theseus::gpu::<unnamed>::SparsifyPlan &, theseus::Cell *, int *, int &, int *, int &, int &, theseus::Cell &)+0xd430 in align_gpu.cu:1108
=========         Device Frame: theseus::gpu::<unnamed>::align_one(theseus::QueryState &, const theseus::gpu::AlignScoring &, const char *, int, const theseus::gpu::GraphCsrView &, int, int, theseus::gpu::AlignResult &, int &, int &, int &, int &, int &, long &, long &, int *, theseus::gpu::<unnamed>::ICandidateRanges &, theseus::gpu::<unnamed>::SparsifyPlan &, theseus::Cell *, int *, int &, int *, int &, int &, int &, theseus::Cell &)+0x8a80 in align_gpu.cu:1266
=========         Device Frame: theseus::gpu::<unnamed>::theseus_align_batch_kernel(theseus::gpu::BatchView, theseus::gpu::GraphCsrView, const int *, const int *, theseus::gpu::AlignScoring, theseus::QueryState *, theseus::gpu::AlignResult *)+0xae0 in align_gpu.cu:1392
=========     Saved host backtrace up to driver entry point at kernel launch time
=========         Host Frame: cudaLaunchKernel [0x97f37] in seq2graph_proxy
=========         Host Frame: theseus::gpu::align_batch(theseus::gpu::BatchView const&, theseus::gpu::DeviceGraph const*, theseus::gpu::DeviceWorkspace*, int const*, int const*, theseus::gpu::AlignScoring, theseus::gpu::AlignOptions, theseus::gpu::AlignResult*, void*, int*) [0x25129] in seq2graph_proxy
=========         Host Frame: theseus::TheseusAligner::align_batch_gpu(std::vector<std::__cxx11::basic_string<char, std::char_traits<char>, std::allocator<char> >, std::allocator<std::__cxx11::basic_string<char, std::char_traits<char>, std::allocator<char> > > > const&, std::vector<std::__cxx11::basic_string<char, std::char_traits<char>, std::allocator<char> >, std::allocator<std::__cxx11::basic_string<char, std::char_traits<char>, std::allocator<char> > > >&, std::vector<int, std::allocator<int> >&, theseus::GpuBatchReport*, int, bool) [0x17579] in seq2graph_proxy
=========         Host Frame: run_gpu(theseus::TheseusAligner&, Inputs&, std::ostream&, int, bool, bool, double&, int) [0xdcec] in seq2graph_proxy
=========         Host Frame: main [0xd49a] in seq2graph_proxy
========= 
GPU backend: threads/block 64; aligned on device; GAF reconstructed from compact GPU state with host backtrace; timing_ms h2d=0.064544 kernel=153.144287 d2h=20703.853516 total=20857.062500
GPU timing: h2d 0.064544 ms; kernel 153.144 ms; d2h 20703.9 ms; total 20857.1 ms
GPU host stages: prepare 0.002796 ms; graph 241.574 ms; host_buffers 2.01445 ms; cpu_verification 0 ms; traceback 0.008158 ms; alignment_construction 0.003566 ms; align_batch 21103.1 ms
Aligned 8 sequences in 21103249 microseconds on gpu
Application timing: graph_parse 4.79921 ms; input_parse 0.01848 ms; gaf_serialization 0.032084 ms; output_flush 0.021676 ms; total 21108.2 ms
========= ERROR SUMMARY: 73700 errors
========= ERROR SUMMARY: 73694 errors were not printed. Use --print-limit option to adjust the number of printed errors
