========= COMPUTE-SANITIZER
========= Uninitialized __global__ memory read of size 8 bytes
=========     at theseus::gpu::<unnamed>::make_sparsify_candidate(const theseus::gpu::<unnamed>::SparsifyPlan &, int, theseus::Cell &)+0x23530 in align_gpu.cu:492
=========     by thread (0,0,0) in block (0,0,0)
=========     Address 0x7af1fe1b0038
=========         Device Frame: theseus::gpu::<unnamed>::run_sparsify_plan(theseus::QueryState &, const theseus::gpu::<unnamed>::SparsifyPlan &, theseus::Cell *, int *, int *, int &)+0x23210 in align_gpu.cu:680
=========         Device Frame: theseus::gpu::<unnamed>::process_vertex(theseus::QueryState &, const theseus::gpu::AlignScoring &, const char *, int, const theseus::gpu::GraphCsrView &, int, int, long &, long &, int *, theseus::gpu::<unnamed>::ICandidateRanges &, theseus::gpu::<unnamed>::SparsifyPlan &, theseus::Cell *, int *, int &, int *, int &, int &, theseus::Cell &)+0x23100 in align_gpu.cu:911
=========         Device Frame: theseus::gpu::<unnamed>::compute_new_wave(theseus::QueryState &, const theseus::gpu::AlignScoring &, const char *, int, const theseus::gpu::GraphCsrView &, int, int &, int &, long &, long &, int *, theseus::gpu::<unnamed>::ICandidateRanges &, theseus::gpu::<unnamed>::SparsifyPlan &, theseus::Cell *, int *, int &, int *, int &, int &, theseus::Cell &)+0xcc20 in align_gpu.cu:1005
=========         Device Frame: theseus::gpu::<unnamed>::align_one(theseus::QueryState &, const theseus::gpu::AlignScoring &, const char *, int, const theseus::gpu::GraphCsrView &, int, int, theseus::gpu::AlignResult &, int &, int &, int &, int &, int &, long &, long &, int *, theseus::gpu::<unnamed>::ICandidateRanges &, theseus::gpu::<unnamed>::SparsifyPlan &, theseus::Cell *, int *, int &, int *, int &, int &, theseus::Cell &)+0x8320 in align_gpu.cu:1157
=========         Device Frame: theseus::gpu::<unnamed>::theseus_align_batch_kernel(theseus::gpu::BatchView, theseus::gpu::GraphCsrView, const int *, const int *, theseus::gpu::AlignScoring, theseus::QueryState *, theseus::gpu::AlignResult *)+0x3670 in align_gpu.cu:1258
=========     Saved host backtrace up to driver entry point at kernel launch time
=========         Host Frame: cudaLaunchKernel [0x976b7] in seq2graph_proxy
=========         Host Frame: theseus::gpu::align_batch(theseus::gpu::BatchView const&, theseus::gpu::DeviceGraph const*, theseus::gpu::DeviceWorkspace*, int const*, int const*, theseus::gpu::AlignScoring, theseus::gpu::AlignOptions, theseus::gpu::AlignResult*, void*, int*) [0x248b9] in seq2graph_proxy
=========         Host Frame: theseus::TheseusAligner::align_batch_gpu(std::vector<std::__cxx11::basic_string<char, std::char_traits<char>, std::allocator<char> >, std::allocator<std::__cxx11::basic_string<char, std::char_traits<char>, std::allocator<char> > > > const&, std::vector<std::__cxx11::basic_string<char, std::char_traits<char>, std::allocator<char> >, std::allocator<std::__cxx11::basic_string<char, std::char_traits<char>, std::allocator<char> > > >&, std::vector<int, std::allocator<int> >&, theseus::GpuBatchReport*, int, bool) [0x16e09] in seq2graph_proxy
=========         Host Frame: run_gpu(theseus::TheseusAligner&, Inputs&, std::ostream&, int, bool, bool, double&) [0xdb22] in seq2graph_proxy
=========         Host Frame: main [0xd3f4] in seq2graph_proxy
========= 
========= Uninitialized __global__ memory read of size 8 bytes
=========     at theseus::gpu::<unnamed>::make_sparsify_candidate(const theseus::gpu::<unnamed>::SparsifyPlan &, int, theseus::Cell &)+0x23530 in align_gpu.cu:492
=========     by thread (0,0,0) in block (1,0,0)
=========     Address 0x7af1fe617140
=========         Device Frame: theseus::gpu::<unnamed>::run_sparsify_plan(theseus::QueryState &, const theseus::gpu::<unnamed>::SparsifyPlan &, theseus::Cell *, int *, int *, int &)+0x23210 in align_gpu.cu:680
=========         Device Frame: theseus::gpu::<unnamed>::process_vertex(theseus::QueryState &, const theseus::gpu::AlignScoring &, const char *, int, const theseus::gpu::GraphCsrView &, int, int, long &, long &, int *, theseus::gpu::<unnamed>::ICandidateRanges &, theseus::gpu::<unnamed>::SparsifyPlan &, theseus::Cell *, int *, int &, int *, int &, int &, theseus::Cell &)+0x23100 in align_gpu.cu:911
=========         Device Frame: theseus::gpu::<unnamed>::compute_new_wave(theseus::QueryState &, const theseus::gpu::AlignScoring &, const char *, int, const theseus::gpu::GraphCsrView &, int, int &, int &, long &, long &, int *, theseus::gpu::<unnamed>::ICandidateRanges &, theseus::gpu::<unnamed>::SparsifyPlan &, theseus::Cell *, int *, int &, int *, int &, int &, theseus::Cell &)+0xcc20 in align_gpu.cu:1005
=========         Device Frame: theseus::gpu::<unnamed>::align_one(theseus::QueryState &, const theseus::gpu::AlignScoring &, const char *, int, const theseus::gpu::GraphCsrView &, int, int, theseus::gpu::AlignResult &, int &, int &, int &, int &, int &, long &, long &, int *, theseus::gpu::<unnamed>::ICandidateRanges &, theseus::gpu::<unnamed>::SparsifyPlan &, theseus::Cell *, int *, int &, int *, int &, int &, theseus::Cell &)+0x8320 in align_gpu.cu:1157
=========         Device Frame: theseus::gpu::<unnamed>::theseus_align_batch_kernel(theseus::gpu::BatchView, theseus::gpu::GraphCsrView, const int *, const int *, theseus::gpu::AlignScoring, theseus::QueryState *, theseus::gpu::AlignResult *)+0x3670 in align_gpu.cu:1258
=========     Saved host backtrace up to driver entry point at kernel launch time
=========         Host Frame: cudaLaunchKernel [0x976b7] in seq2graph_proxy
=========         Host Frame: theseus::gpu::align_batch(theseus::gpu::BatchView const&, theseus::gpu::DeviceGraph const*, theseus::gpu::DeviceWorkspace*, int const*, int const*, theseus::gpu::AlignScoring, theseus::gpu::AlignOptions, theseus::gpu::AlignResult*, void*, int*) [0x248b9] in seq2graph_proxy
=========         Host Frame: theseus::TheseusAligner::align_batch_gpu(std::vector<std::__cxx11::basic_string<char, std::char_traits<char>, std::allocator<char> >, std::allocator<std::__cxx11::basic_string<char, std::char_traits<char>, std::allocator<char> > > > const&, std::vector<std::__cxx11::basic_string<char, std::char_traits<char>, std::allocator<char> >, std::allocator<std::__cxx11::basic_string<char, std::char_traits<char>, std::allocator<char> > > >&, std::vector<int, std::allocator<int> >&, theseus::GpuBatchReport*, int, bool) [0x16e09] in seq2graph_proxy
=========         Host Frame: run_gpu(theseus::TheseusAligner&, Inputs&, std::ostream&, int, bool, bool, double&) [0xdb22] in seq2graph_proxy
=========         Host Frame: main [0xd3f4] in seq2graph_proxy
========= 
========= Uninitialized __global__ memory read of size 8 bytes
=========     at theseus::gpu::<unnamed>::make_sparsify_candidate(const theseus::gpu::<unnamed>::SparsifyPlan &, int, theseus::Cell &)+0x23530 in align_gpu.cu:492
=========     by thread (0,0,0) in block (2,0,0)
=========     Address 0x7af1fea7e248
=========         Device Frame: theseus::gpu::<unnamed>::run_sparsify_plan(theseus::QueryState &, const theseus::gpu::<unnamed>::SparsifyPlan &, theseus::Cell *, int *, int *, int &)+0x23210 in align_gpu.cu:680
=========         Device Frame: theseus::gpu::<unnamed>::process_vertex(theseus::QueryState &, const theseus::gpu::AlignScoring &, const char *, int, const theseus::gpu::GraphCsrView &, int, int, long &, long &, int *, theseus::gpu::<unnamed>::ICandidateRanges &, theseus::gpu::<unnamed>::SparsifyPlan &, theseus::Cell *, int *, int &, int *, int &, int &, theseus::Cell &)+0x23100 in align_gpu.cu:911
=========         Device Frame: theseus::gpu::<unnamed>::compute_new_wave(theseus::QueryState &, const theseus::gpu::AlignScoring &, const char *, int, const theseus::gpu::GraphCsrView &, int, int &, int &, long &, long &, int *, theseus::gpu::<unnamed>::ICandidateRanges &, theseus::gpu::<unnamed>::SparsifyPlan &, theseus::Cell *, int *, int &, int *, int &, int &, theseus::Cell &)+0xcc20 in align_gpu.cu:1005
=========         Device Frame: theseus::gpu::<unnamed>::align_one(theseus::QueryState &, const theseus::gpu::AlignScoring &, const char *, int, const theseus::gpu::GraphCsrView &, int, int, theseus::gpu::AlignResult &, int &, int &, int &, int &, int &, long &, long &, int *, theseus::gpu::<unnamed>::ICandidateRanges &, theseus::gpu::<unnamed>::SparsifyPlan &, theseus::Cell *, int *, int &, int *, int &, int &, theseus::Cell &)+0x8320 in align_gpu.cu:1157
=========         Device Frame: theseus::gpu::<unnamed>::theseus_align_batch_kernel(theseus::gpu::BatchView, theseus::gpu::GraphCsrView, const int *, const int *, theseus::gpu::AlignScoring, theseus::QueryState *, theseus::gpu::AlignResult *)+0x3670 in align_gpu.cu:1258
=========     Saved host backtrace up to driver entry point at kernel launch time
=========         Host Frame: cudaLaunchKernel [0x976b7] in seq2graph_proxy
=========         Host Frame: theseus::gpu::align_batch(theseus::gpu::BatchView const&, theseus::gpu::DeviceGraph const*, theseus::gpu::DeviceWorkspace*, int const*, int const*, theseus::gpu::AlignScoring, theseus::gpu::AlignOptions, theseus::gpu::AlignResult*, void*, int*) [0x248b9] in seq2graph_proxy
=========         Host Frame: theseus::TheseusAligner::align_batch_gpu(std::vector<std::__cxx11::basic_string<char, std::char_traits<char>, std::allocator<char> >, std::allocator<std::__cxx11::basic_string<char, std::char_traits<char>, std::allocator<char> > > > const&, std::vector<std::__cxx11::basic_string<char, std::char_traits<char>, std::allocator<char> >, std::allocator<std::__cxx11::basic_string<char, std::char_traits<char>, std::allocator<char> > > >&, std::vector<int, std::allocator<int> >&, theseus::GpuBatchReport*, int, bool) [0x16e09] in seq2graph_proxy
=========         Host Frame: run_gpu(theseus::TheseusAligner&, Inputs&, std::ostream&, int, bool, bool, double&) [0xdb22] in seq2graph_proxy
=========         Host Frame: main [0xd3f4] in seq2graph_proxy
========= 
========= Uninitialized __global__ memory read of size 8 bytes
=========     at theseus::gpu::<unnamed>::make_sparsify_candidate(const theseus::gpu::<unnamed>::SparsifyPlan &, int, theseus::Cell &)+0x23530 in align_gpu.cu:492
=========     by thread (0,0,0) in block (3,0,0)
=========     Address 0x7af1feee5350
=========         Device Frame: theseus::gpu::<unnamed>::run_sparsify_plan(theseus::QueryState &, const theseus::gpu::<unnamed>::SparsifyPlan &, theseus::Cell *, int *, int *, int &)+0x23210 in align_gpu.cu:680
=========         Device Frame: theseus::gpu::<unnamed>::process_vertex(theseus::QueryState &, const theseus::gpu::AlignScoring &, const char *, int, const theseus::gpu::GraphCsrView &, int, int, long &, long &, int *, theseus::gpu::<unnamed>::ICandidateRanges &, theseus::gpu::<unnamed>::SparsifyPlan &, theseus::Cell *, int *, int &, int *, int &, int &, theseus::Cell &)+0x23100 in align_gpu.cu:911
=========         Device Frame: theseus::gpu::<unnamed>::compute_new_wave(theseus::QueryState &, const theseus::gpu::AlignScoring &, const char *, int, const theseus::gpu::GraphCsrView &, int, int &, int &, long &, long &, int *, theseus::gpu::<unnamed>::ICandidateRanges &, theseus::gpu::<unnamed>::SparsifyPlan &, theseus::Cell *, int *, int &, int *, int &, int &, theseus::Cell &)+0xcc20 in align_gpu.cu:1005
=========         Device Frame: theseus::gpu::<unnamed>::align_one(theseus::QueryState &, const theseus::gpu::AlignScoring &, const char *, int, const theseus::gpu::GraphCsrView &, int, int, theseus::gpu::AlignResult &, int &, int &, int &, int &, int &, long &, long &, int *, theseus::gpu::<unnamed>::ICandidateRanges &, theseus::gpu::<unnamed>::SparsifyPlan &, theseus::Cell *, int *, int &, int *, int &, int &, theseus::Cell &)+0x8320 in align_gpu.cu:1157
=========         Device Frame: theseus::gpu::<unnamed>::theseus_align_batch_kernel(theseus::gpu::BatchView, theseus::gpu::GraphCsrView, const int *, const int *, theseus::gpu::AlignScoring, theseus::QueryState *, theseus::gpu::AlignResult *)+0x3670 in align_gpu.cu:1258
=========     Saved host backtrace up to driver entry point at kernel launch time
=========         Host Frame: cudaLaunchKernel [0x976b7] in seq2graph_proxy
=========         Host Frame: theseus::gpu::align_batch(theseus::gpu::BatchView const&, theseus::gpu::DeviceGraph const*, theseus::gpu::DeviceWorkspace*, int const*, int const*, theseus::gpu::AlignScoring, theseus::gpu::AlignOptions, theseus::gpu::AlignResult*, void*, int*) [0x248b9] in seq2graph_proxy
=========         Host Frame: theseus::TheseusAligner::align_batch_gpu(std::vector<std::__cxx11::basic_string<char, std::char_traits<char>, std::allocator<char> >, std::allocator<std::__cxx11::basic_string<char, std::char_traits<char>, std::allocator<char> > > > const&, std::vector<std::__cxx11::basic_string<char, std::char_traits<char>, std::allocator<char> >, std::allocator<std::__cxx11::basic_string<char, std::char_traits<char>, std::allocator<char> > > >&, std::vector<int, std::allocator<int> >&, theseus::GpuBatchReport*, int, bool) [0x16e09] in seq2graph_proxy
=========         Host Frame: run_gpu(theseus::TheseusAligner&, Inputs&, std::ostream&, int, bool, bool, double&) [0xdb22] in seq2graph_proxy
=========         Host Frame: main [0xd3f4] in seq2graph_proxy
========= 
========= Uninitialized __global__ memory read of size 8 bytes
=========     at theseus::gpu::<unnamed>::make_sparsify_candidate(const theseus::gpu::<unnamed>::SparsifyPlan &, int, theseus::Cell &)+0x23530 in align_gpu.cu:492
=========     by thread (0,0,0) in block (4,0,0)
=========     Address 0x7af1ff34c458
=========         Device Frame: theseus::gpu::<unnamed>::run_sparsify_plan(theseus::QueryState &, const theseus::gpu::<unnamed>::SparsifyPlan &, theseus::Cell *, int *, int *, int &)+0x23210 in align_gpu.cu:680
=========         Device Frame: theseus::gpu::<unnamed>::process_vertex(theseus::QueryState &, const theseus::gpu::AlignScoring &, const char *, int, const theseus::gpu::GraphCsrView &, int, int, long &, long &, int *, theseus::gpu::<unnamed>::ICandidateRanges &, theseus::gpu::<unnamed>::SparsifyPlan &, theseus::Cell *, int *, int &, int *, int &, int &, theseus::Cell &)+0x23100 in align_gpu.cu:911
=========         Device Frame: theseus::gpu::<unnamed>::compute_new_wave(theseus::QueryState &, const theseus::gpu::AlignScoring &, const char *, int, const theseus::gpu::GraphCsrView &, int, int &, int &, long &, long &, int *, theseus::gpu::<unnamed>::ICandidateRanges &, theseus::gpu::<unnamed>::SparsifyPlan &, theseus::Cell *, int *, int &, int *, int &, int &, theseus::Cell &)+0xcc20 in align_gpu.cu:1005
=========         Device Frame: theseus::gpu::<unnamed>::align_one(theseus::QueryState &, const theseus::gpu::AlignScoring &, const char *, int, const theseus::gpu::GraphCsrView &, int, int, theseus::gpu::AlignResult &, int &, int &, int &, int &, int &, long &, long &, int *, theseus::gpu::<unnamed>::ICandidateRanges &, theseus::gpu::<unnamed>::SparsifyPlan &, theseus::Cell *, int *, int &, int *, int &, int &, theseus::Cell &)+0x8320 in align_gpu.cu:1157
=========         Device Frame: theseus::gpu::<unnamed>::theseus_align_batch_kernel(theseus::gpu::BatchView, theseus::gpu::GraphCsrView, const int *, const int *, theseus::gpu::AlignScoring, theseus::QueryState *, theseus::gpu::AlignResult *)+0x3670 in align_gpu.cu:1258
=========     Saved host backtrace up to driver entry point at kernel launch time
=========         Host Frame: cudaLaunchKernel [0x976b7] in seq2graph_proxy
=========         Host Frame: theseus::gpu::align_batch(theseus::gpu::BatchView const&, theseus::gpu::DeviceGraph const*, theseus::gpu::DeviceWorkspace*, int const*, int const*, theseus::gpu::AlignScoring, theseus::gpu::AlignOptions, theseus::gpu::AlignResult*, void*, int*) [0x248b9] in seq2graph_proxy
=========         Host Frame: theseus::TheseusAligner::align_batch_gpu(std::vector<std::__cxx11::basic_string<char, std::char_traits<char>, std::allocator<char> >, std::allocator<std::__cxx11::basic_string<char, std::char_traits<char>, std::allocator<char> > > > const&, std::vector<std::__cxx11::basic_string<char, std::char_traits<char>, std::allocator<char> >, std::allocator<std::__cxx11::basic_string<char, std::char_traits<char>, std::allocator<char> > > >&, std::vector<int, std::allocator<int> >&, theseus::GpuBatchReport*, int, bool) [0x16e09] in seq2graph_proxy
=========         Host Frame: run_gpu(theseus::TheseusAligner&, Inputs&, std::ostream&, int, bool, bool, double&) [0xdb22] in seq2graph_proxy
=========         Host Frame: main [0xd3f4] in seq2graph_proxy
========= 
========= Uninitialized __global__ memory read of size 8 bytes
=========     at theseus::gpu::<unnamed>::make_sparsify_candidate(const theseus::gpu::<unnamed>::SparsifyPlan &, int, theseus::Cell &)+0x23530 in align_gpu.cu:492
=========     by thread (0,0,0) in block (5,0,0)
=========     Address 0x7af1ff7b3560
=========         Device Frame: theseus::gpu::<unnamed>::run_sparsify_plan(theseus::QueryState &, const theseus::gpu::<unnamed>::SparsifyPlan &, theseus::Cell *, int *, int *, int &)+0x23210 in align_gpu.cu:680
=========         Device Frame: theseus::gpu::<unnamed>::process_vertex(theseus::QueryState &, const theseus::gpu::AlignScoring &, const char *, int, const theseus::gpu::GraphCsrView &, int, int, long &, long &, int *, theseus::gpu::<unnamed>::ICandidateRanges &, theseus::gpu::<unnamed>::SparsifyPlan &, theseus::Cell *, int *, int &, int *, int &, int &, theseus::Cell &)+0x23100 in align_gpu.cu:911
=========         Device Frame: theseus::gpu::<unnamed>::compute_new_wave(theseus::QueryState &, const theseus::gpu::AlignScoring &, const char *, int, const theseus::gpu::GraphCsrView &, int, int &, int &, long &, long &, int *, theseus::gpu::<unnamed>::ICandidateRanges &, theseus::gpu::<unnamed>::SparsifyPlan &, theseus::Cell *, int *, int &, int *, int &, int &, theseus::Cell &)+0xcc20 in align_gpu.cu:1005
=========         Device Frame: theseus::gpu::<unnamed>::align_one(theseus::QueryState &, const theseus::gpu::AlignScoring &, const char *, int, const theseus::gpu::GraphCsrView &, int, int, theseus::gpu::AlignResult &, int &, int &, int &, int &, int &, long &, long &, int *, theseus::gpu::<unnamed>::ICandidateRanges &, theseus::gpu::<unnamed>::SparsifyPlan &, theseus::Cell *, int *, int &, int *, int &, int &, theseus::Cell &)+0x8320 in align_gpu.cu:1157
=========         Device Frame: theseus::gpu::<unnamed>::theseus_align_batch_kernel(theseus::gpu::BatchView, theseus::gpu::GraphCsrView, const int *, const int *, theseus::gpu::AlignScoring, theseus::QueryState *, theseus::gpu::AlignResult *)+0x3670 in align_gpu.cu:1258
=========     Saved host backtrace up to driver entry point at kernel launch time
=========         Host Frame: cudaLaunchKernel [0x976b7] in seq2graph_proxy
=========         Host Frame: theseus::gpu::align_batch(theseus::gpu::BatchView const&, theseus::gpu::DeviceGraph const*, theseus::gpu::DeviceWorkspace*, int const*, int const*, theseus::gpu::AlignScoring, theseus::gpu::AlignOptions, theseus::gpu::AlignResult*, void*, int*) [0x248b9] in seq2graph_proxy
=========         Host Frame: theseus::TheseusAligner::align_batch_gpu(std::vector<std::__cxx11::basic_string<char, std::char_traits<char>, std::allocator<char> >, std::allocator<std::__cxx11::basic_string<char, std::char_traits<char>, std::allocator<char> > > > const&, std::vector<std::__cxx11::basic_string<char, std::char_traits<char>, std::allocator<char> >, std::allocator<std::__cxx11::basic_string<char, std::char_traits<char>, std::allocator<char> > > >&, std::vector<int, std::allocator<int> >&, theseus::GpuBatchReport*, int, bool) [0x16e09] in seq2graph_proxy
=========         Host Frame: run_gpu(theseus::TheseusAligner&, Inputs&, std::ostream&, int, bool, bool, double&) [0xdb22] in seq2graph_proxy
=========         Host Frame: main [0xd3f4] in seq2graph_proxy
========= 
GPU backend: threads/block 64; aligned on device; GAF reconstructed from compact GPU state with host backtrace; timing_ms h2d=0.072736 kernel=187.194275 d2h=20715.716797 total=20902.984375
GPU timing: h2d 0.072736 ms; kernel 187.194 ms; d2h 20715.7 ms; total 20903 ms
GPU host stages: prepare 0.002198 ms; graph 235.68 ms; host_buffers 2.18575 ms; cpu_verification 0 ms; traceback 0.007067 ms; alignment_construction 0.00312 ms; align_batch 21143.3 ms
Aligned 8 sequences in 21143427 microseconds on gpu
Application timing: graph_parse 4.70735 ms; input_parse 0.022055 ms; gaf_serialization 0.035469 ms; output_flush 0.019439 ms; total 21148.3 ms
========= ERROR SUMMARY: 73700 errors
========= ERROR SUMMARY: 73694 errors were not printed. Use --print-limit option to adjust the number of printed errors
