========= COMPUTE-SANITIZER
========= Uninitialized __global__ memory read of size 4 bytes
=========     at theseus::gpu::core_check_end(const theseus::Cell &, int, bool &, theseus::Cell &)+0x4640 in align_core.h:39
=========     by thread (0,0,0) in block (0,0,0)
=========     Address 0x7d38641b003c
=========         Device Frame: theseus::gpu::core_extend_diagonal(theseus::QueryState &, const char *, int, const theseus::gpu::GraphCsrView &, int, theseus::Cell &, theseus::Cell &, long, theseus::Cell::Matrix, bool &, theseus::Cell &)+0x4600 in align_core.h:281
=========         Device Frame: theseus::gpu::<unnamed>::align_one(theseus::QueryState &, const theseus::gpu::AlignScoring &, const char *, int, const theseus::gpu::GraphCsrView &, int, int, theseus::gpu::AlignResult &, int &, int &, int &, int &, int &, long &, long &, int *, theseus::gpu::<unnamed>::ICandidateRanges &, theseus::gpu::<unnamed>::SparsifyPlan &, theseus::Cell *, int *, int &, int *, int &, int &, int &, theseus::Cell &)+0x4320 in align_gpu.cu:1258
=========         Device Frame: theseus::gpu::<unnamed>::theseus_align_batch_kernel(theseus::gpu::BatchView, theseus::gpu::GraphCsrView, const int *, const int *, theseus::gpu::AlignScoring, theseus::QueryState *, theseus::gpu::AlignResult *)+0xae0 in align_gpu.cu:1392
=========     Saved host backtrace up to driver entry point at kernel launch time
=========         Host Frame: cudaLaunchKernel [0x97f37] in seq2graph_proxy
=========         Host Frame: theseus::gpu::align_batch(theseus::gpu::BatchView const&, theseus::gpu::DeviceGraph const*, theseus::gpu::DeviceWorkspace*, int const*, int const*, theseus::gpu::AlignScoring, theseus::gpu::AlignOptions, theseus::gpu::AlignResult*, void*, int*) [0x25129] in seq2graph_proxy
=========         Host Frame: theseus::TheseusAligner::align_batch_gpu(std::vector<std::__cxx11::basic_string<char, std::char_traits<char>, std::allocator<char> >, std::allocator<std::__cxx11::basic_string<char, std::char_traits<char>, std::allocator<char> > > > const&, std::vector<std::__cxx11::basic_string<char, std::char_traits<char>, std::allocator<char> >, std::allocator<std::__cxx11::basic_string<char, std::char_traits<char>, std::allocator<char> > > >&, std::vector<int, std::allocator<int> >&, theseus::GpuBatchReport*, int, bool) [0x17579] in seq2graph_proxy
=========         Host Frame: run_gpu(theseus::TheseusAligner&, Inputs&, std::ostream&, int, bool, bool, double&, int) [0xdcec] in seq2graph_proxy
=========         Host Frame: main [0xd49a] in seq2graph_proxy
========= 
========= Uninitialized __global__ memory read of size 4 bytes
=========     at theseus::gpu::core_check_end(const theseus::Cell &, int, bool &, theseus::Cell &)+0x4640 in align_core.h:39
=========     by thread (0,0,0) in block (1,0,0)
=========     Address 0x7d3864617144
=========         Device Frame: theseus::gpu::core_extend_diagonal(theseus::QueryState &, const char *, int, const theseus::gpu::GraphCsrView &, int, theseus::Cell &, theseus::Cell &, long, theseus::Cell::Matrix, bool &, theseus::Cell &)+0x4600 in align_core.h:281
=========         Device Frame: theseus::gpu::<unnamed>::align_one(theseus::QueryState &, const theseus::gpu::AlignScoring &, const char *, int, const theseus::gpu::GraphCsrView &, int, int, theseus::gpu::AlignResult &, int &, int &, int &, int &, int &, long &, long &, int *, theseus::gpu::<unnamed>::ICandidateRanges &, theseus::gpu::<unnamed>::SparsifyPlan &, theseus::Cell *, int *, int &, int *, int &, int &, int &, theseus::Cell &)+0x4320 in align_gpu.cu:1258
=========         Device Frame: theseus::gpu::<unnamed>::theseus_align_batch_kernel(theseus::gpu::BatchView, theseus::gpu::GraphCsrView, const int *, const int *, theseus::gpu::AlignScoring, theseus::QueryState *, theseus::gpu::AlignResult *)+0xae0 in align_gpu.cu:1392
=========     Saved host backtrace up to driver entry point at kernel launch time
=========         Host Frame: cudaLaunchKernel [0x97f37] in seq2graph_proxy
=========         Host Frame: theseus::gpu::align_batch(theseus::gpu::BatchView const&, theseus::gpu::DeviceGraph const*, theseus::gpu::DeviceWorkspace*, int const*, int const*, theseus::gpu::AlignScoring, theseus::gpu::AlignOptions, theseus::gpu::AlignResult*, void*, int*) [0x25129] in seq2graph_proxy
=========         Host Frame: theseus::TheseusAligner::align_batch_gpu(std::vector<std::__cxx11::basic_string<char, std::char_traits<char>, std::allocator<char> >, std::allocator<std::__cxx11::basic_string<char, std::char_traits<char>, std::allocator<char> > > > const&, std::vector<std::__cxx11::basic_string<char, std::char_traits<char>, std::allocator<char> >, std::allocator<std::__cxx11::basic_string<char, std::char_traits<char>, std::allocator<char> > > >&, std::vector<int, std::allocator<int> >&, theseus::GpuBatchReport*, int, bool) [0x17579] in seq2graph_proxy
=========         Host Frame: run_gpu(theseus::TheseusAligner&, Inputs&, std::ostream&, int, bool, bool, double&, int) [0xdcec] in seq2graph_proxy
=========         Host Frame: main [0xd49a] in seq2graph_proxy
========= 
========= Uninitialized __global__ memory read of size 4 bytes
=========     at theseus::gpu::core_check_end(const theseus::Cell &, int, bool &, theseus::Cell &)+0x4640 in align_core.h:39
=========     by thread (0,0,0) in block (2,0,0)
=========     Address 0x7d3864a7e24c
=========         Device Frame: theseus::gpu::core_extend_diagonal(theseus::QueryState &, const char *, int, const theseus::gpu::GraphCsrView &, int, theseus::Cell &, theseus::Cell &, long, theseus::Cell::Matrix, bool &, theseus::Cell &)+0x4600 in align_core.h:281
=========         Device Frame: theseus::gpu::<unnamed>::align_one(theseus::QueryState &, const theseus::gpu::AlignScoring &, const char *, int, const theseus::gpu::GraphCsrView &, int, int, theseus::gpu::AlignResult &, int &, int &, int &, int &, int &, long &, long &, int *, theseus::gpu::<unnamed>::ICandidateRanges &, theseus::gpu::<unnamed>::SparsifyPlan &, theseus::Cell *, int *, int &, int *, int &, int &, int &, theseus::Cell &)+0x4320 in align_gpu.cu:1258
=========         Device Frame: theseus::gpu::<unnamed>::theseus_align_batch_kernel(theseus::gpu::BatchView, theseus::gpu::GraphCsrView, const int *, const int *, theseus::gpu::AlignScoring, theseus::QueryState *, theseus::gpu::AlignResult *)+0xae0 in align_gpu.cu:1392
=========     Saved host backtrace up to driver entry point at kernel launch time
=========         Host Frame: cudaLaunchKernel [0x97f37] in seq2graph_proxy
=========         Host Frame: theseus::gpu::align_batch(theseus::gpu::BatchView const&, theseus::gpu::DeviceGraph const*, theseus::gpu::DeviceWorkspace*, int const*, int const*, theseus::gpu::AlignScoring, theseus::gpu::AlignOptions, theseus::gpu::AlignResult*, void*, int*) [0x25129] in seq2graph_proxy
=========         Host Frame: theseus::TheseusAligner::align_batch_gpu(std::vector<std::__cxx11::basic_string<char, std::char_traits<char>, std::allocator<char> >, std::allocator<std::__cxx11::basic_string<char, std::char_traits<char>, std::allocator<char> > > > const&, std::vector<std::__cxx11::basic_string<char, std::char_traits<char>, std::allocator<char> >, std::allocator<std::__cxx11::basic_string<char, std::char_traits<char>, std::allocator<char> > > >&, std::vector<int, std::allocator<int> >&, theseus::GpuBatchReport*, int, bool) [0x17579] in seq2graph_proxy
=========         Host Frame: run_gpu(theseus::TheseusAligner&, Inputs&, std::ostream&, int, bool, bool, double&, int) [0xdcec] in seq2graph_proxy
=========         Host Frame: main [0xd49a] in seq2graph_proxy
========= 
========= Uninitialized __global__ memory read of size 4 bytes
=========     at theseus::gpu::core_check_end(const theseus::Cell &, int, bool &, theseus::Cell &)+0x4640 in align_core.h:39
=========     by thread (0,0,0) in block (3,0,0)
=========     Address 0x7d3864ee5354
=========         Device Frame: theseus::gpu::core_extend_diagonal(theseus::QueryState &, const char *, int, const theseus::gpu::GraphCsrView &, int, theseus::Cell &, theseus::Cell &, long, theseus::Cell::Matrix, bool &, theseus::Cell &)+0x4600 in align_core.h:281
=========         Device Frame: theseus::gpu::<unnamed>::align_one(theseus::QueryState &, const theseus::gpu::AlignScoring &, const char *, int, const theseus::gpu::GraphCsrView &, int, int, theseus::gpu::AlignResult &, int &, int &, int &, int &, int &, long &, long &, int *, theseus::gpu::<unnamed>::ICandidateRanges &, theseus::gpu::<unnamed>::SparsifyPlan &, theseus::Cell *, int *, int &, int *, int &, int &, int &, theseus::Cell &)+0x4320 in align_gpu.cu:1258
=========         Device Frame: theseus::gpu::<unnamed>::theseus_align_batch_kernel(theseus::gpu::BatchView, theseus::gpu::GraphCsrView, const int *, const int *, theseus::gpu::AlignScoring, theseus::QueryState *, theseus::gpu::AlignResult *)+0xae0 in align_gpu.cu:1392
=========     Saved host backtrace up to driver entry point at kernel launch time
=========         Host Frame: cudaLaunchKernel [0x97f37] in seq2graph_proxy
=========         Host Frame: theseus::gpu::align_batch(theseus::gpu::BatchView const&, theseus::gpu::DeviceGraph const*, theseus::gpu::DeviceWorkspace*, int const*, int const*, theseus::gpu::AlignScoring, theseus::gpu::AlignOptions, theseus::gpu::AlignResult*, void*, int*) [0x25129] in seq2graph_proxy
=========         Host Frame: theseus::TheseusAligner::align_batch_gpu(std::vector<std::__cxx11::basic_string<char, std::char_traits<char>, std::allocator<char> >, std::allocator<std::__cxx11::basic_string<char, std::char_traits<char>, std::allocator<char> > > > const&, std::vector<std::__cxx11::basic_string<char, std::char_traits<char>, std::allocator<char> >, std::allocator<std::__cxx11::basic_string<char, std::char_traits<char>, std::allocator<char> > > >&, std::vector<int, std::allocator<int> >&, theseus::GpuBatchReport*, int, bool) [0x17579] in seq2graph_proxy
=========         Host Frame: run_gpu(theseus::TheseusAligner&, Inputs&, std::ostream&, int, bool, bool, double&, int) [0xdcec] in seq2graph_proxy
=========         Host Frame: main [0xd49a] in seq2graph_proxy
========= 
========= Uninitialized __global__ memory read of size 4 bytes
=========     at theseus::gpu::core_check_end(const theseus::Cell &, int, bool &, theseus::Cell &)+0x4640 in align_core.h:39
=========     by thread (0,0,0) in block (4,0,0)
=========     Address 0x7d386534c45c
=========         Device Frame: theseus::gpu::core_extend_diagonal(theseus::QueryState &, const char *, int, const theseus::gpu::GraphCsrView &, int, theseus::Cell &, theseus::Cell &, long, theseus::Cell::Matrix, bool &, theseus::Cell &)+0x4600 in align_core.h:281
=========         Device Frame: theseus::gpu::<unnamed>::align_one(theseus::QueryState &, const theseus::gpu::AlignScoring &, const char *, int, const theseus::gpu::GraphCsrView &, int, int, theseus::gpu::AlignResult &, int &, int &, int &, int &, int &, long &, long &, int *, theseus::gpu::<unnamed>::ICandidateRanges &, theseus::gpu::<unnamed>::SparsifyPlan &, theseus::Cell *, int *, int &, int *, int &, int &, int &, theseus::Cell &)+0x4320 in align_gpu.cu:1258
=========         Device Frame: theseus::gpu::<unnamed>::theseus_align_batch_kernel(theseus::gpu::BatchView, theseus::gpu::GraphCsrView, const int *, const int *, theseus::gpu::AlignScoring, theseus::QueryState *, theseus::gpu::AlignResult *)+0xae0 in align_gpu.cu:1392
=========     Saved host backtrace up to driver entry point at kernel launch time
=========         Host Frame: cudaLaunchKernel [0x97f37] in seq2graph_proxy
=========         Host Frame: theseus::gpu::align_batch(theseus::gpu::BatchView const&, theseus::gpu::DeviceGraph const*, theseus::gpu::DeviceWorkspace*, int const*, int const*, theseus::gpu::AlignScoring, theseus::gpu::AlignOptions, theseus::gpu::AlignResult*, void*, int*) [0x25129] in seq2graph_proxy
=========         Host Frame: theseus::TheseusAligner::align_batch_gpu(std::vector<std::__cxx11::basic_string<char, std::char_traits<char>, std::allocator<char> >, std::allocator<std::__cxx11::basic_string<char, std::char_traits<char>, std::allocator<char> > > > const&, std::vector<std::__cxx11::basic_string<char, std::char_traits<char>, std::allocator<char> >, std::allocator<std::__cxx11::basic_string<char, std::char_traits<char>, std::allocator<char> > > >&, std::vector<int, std::allocator<int> >&, theseus::GpuBatchReport*, int, bool) [0x17579] in seq2graph_proxy
=========         Host Frame: run_gpu(theseus::TheseusAligner&, Inputs&, std::ostream&, int, bool, bool, double&, int) [0xdcec] in seq2graph_proxy
=========         Host Frame: main [0xd49a] in seq2graph_proxy
========= 
========= Uninitialized __global__ memory read of size 4 bytes
=========     at theseus::gpu::core_check_end(const theseus::Cell &, int, bool &, theseus::Cell &)+0x4640 in align_core.h:39
=========     by thread (0,0,0) in block (5,0,0)
=========     Address 0x7d38657b3564
=========         Device Frame: theseus::gpu::core_extend_diagonal(theseus::QueryState &, const char *, int, const theseus::gpu::GraphCsrView &, int, theseus::Cell &, theseus::Cell &, long, theseus::Cell::Matrix, bool &, theseus::Cell &)+0x4600 in align_core.h:281
=========         Device Frame: theseus::gpu::<unnamed>::align_one(theseus::QueryState &, const theseus::gpu::AlignScoring &, const char *, int, const theseus::gpu::GraphCsrView &, int, int, theseus::gpu::AlignResult &, int &, int &, int &, int &, int &, long &, long &, int *, theseus::gpu::<unnamed>::ICandidateRanges &, theseus::gpu::<unnamed>::SparsifyPlan &, theseus::Cell *, int *, int &, int *, int &, int &, int &, theseus::Cell &)+0x4320 in align_gpu.cu:1258
=========         Device Frame: theseus::gpu::<unnamed>::theseus_align_batch_kernel(theseus::gpu::BatchView, theseus::gpu::GraphCsrView, const int *, const int *, theseus::gpu::AlignScoring, theseus::QueryState *, theseus::gpu::AlignResult *)+0xae0 in align_gpu.cu:1392
=========     Saved host backtrace up to driver entry point at kernel launch time
=========         Host Frame: cudaLaunchKernel [0x97f37] in seq2graph_proxy
=========         Host Frame: theseus::gpu::align_batch(theseus::gpu::BatchView const&, theseus::gpu::DeviceGraph const*, theseus::gpu::DeviceWorkspace*, int const*, int const*, theseus::gpu::AlignScoring, theseus::gpu::AlignOptions, theseus::gpu::AlignResult*, void*, int*) [0x25129] in seq2graph_proxy
=========         Host Frame: theseus::TheseusAligner::align_batch_gpu(std::vector<std::__cxx11::basic_string<char, std::char_traits<char>, std::allocator<char> >, std::allocator<std::__cxx11::basic_string<char, std::char_traits<char>, std::allocator<char> > > > const&, std::vector<std::__cxx11::basic_string<char, std::char_traits<char>, std::allocator<char> >, std::allocator<std::__cxx11::basic_string<char, std::char_traits<char>, std::allocator<char> > > >&, std::vector<int, std::allocator<int> >&, theseus::GpuBatchReport*, int, bool) [0x17579] in seq2graph_proxy
=========         Host Frame: run_gpu(theseus::TheseusAligner&, Inputs&, std::ostream&, int, bool, bool, double&, int) [0xdcec] in seq2graph_proxy
=========         Host Frame: main [0xd49a] in seq2graph_proxy
========= 
GPU backend: threads/block 64; aligned on device; GAF reconstructed from compact GPU state with host backtrace; timing_ms h2d=0.075776 kernel=81.834015 d2h=21151.589844 total=21233.500000
GPU timing: h2d 0.075776 ms; kernel 81.834 ms; d2h 21151.6 ms; total 21233.5 ms
GPU host stages: prepare 0.00189 ms; graph 243.128 ms; host_buffers 2.30845 ms; cpu_verification 0 ms; traceback 0.004292 ms; alignment_construction 0.003967 ms; align_batch 21481.4 ms
Aligned 8 sequences in 21481562 microseconds on gpu
Application timing: graph_parse 2.68242 ms; input_parse 0.017361 ms; gaf_serialization 0.030043 ms; output_flush 0.022856 ms; total 21484.4 ms
========= ERROR SUMMARY: 73758 errors
========= ERROR SUMMARY: 73752 errors were not printed. Use --print-limit option to adjust the number of printed errors
