prev  ebola_exact_smoke  thr 128  wall    302.7  kernel    0.65  h2d   0.04  d2h     5.98    845.6 q/s
prev  c4_exact           thr 128  wall    373.9  kernel    1.33  h2d   0.06  d2h    11.82   1369.5 q/s
prev  c4_exact           thr  64  wall    370.2  kernel    1.47  h2d   0.06  d2h    11.81   1383.1 q/s
prev  c4_exact           thr 256  wall    366.4  kernel    1.32  h2d   0.06  d2h    11.80   1397.4 q/s
prev  ebola_error_smoke  thr 128  wall    301.6  kernel    1.16  h2d   0.04  d2h     6.03    848.9 q/s
prev  c4_err             thr 128  wall    436.9  kernel    1.94  h2d   0.07  d2h    11.85   1171.8 q/s
prev  c4_err             thr  64  wall    414.5  kernel    1.96  h2d   0.07  d2h    11.86   1235.1 q/s
prev  c4_err             thr 256  wall    375.7  kernel    2.13  h2d   0.07  d2h    11.82   1362.7 q/s
prev  c4_exact_1k        thr 128  wall    511.4  kernel    2.24  h2d   0.09  d2h    23.47   2002.2 q/s
prev  c4_err_1k          thr 128  wall    514.1  kernel    2.85  h2d   0.08  d2h    23.46   1991.9 q/s
prev  c4_exact_2k        thr 128  wall    734.4  kernel    3.59  h2d   0.12  d2h    46.68   2788.8 q/s
prev  c4_err_2k          thr 128  wall    905.1  kernel    4.49  h2d   0.14  d2h    46.81   2262.7 q/s
prev  c4_err_2k          thr  64  wall    751.1  kernel    4.68  h2d   0.12  d2h    46.77   2726.7 q/s
prev  c4_err_2k          thr 256  wall    740.8  kernel    6.45  h2d   0.12  d2h    46.70   2764.4 q/s
prev  ebola_exact_2k     thr 128  wall    737.6  kernel    1.26  h2d   0.12  d2h    46.69   2776.5 q/s
prev  ebola_err_2k       thr 128  wall    904.0  kernel    3.20  h2d   0.14  d2h    46.81   2265.6 q/s
prev  ebola_err_2k       thr  64  wall    741.9  kernel    2.63  h2d   0.12  d2h    46.80   2760.4 q/s
prev  ebola_err_2k       thr 256  wall    737.4  kernel    6.04  h2d   0.11  d2h    46.70   2777.3 q/s
packed ebola_exact_smoke  thr 128  wall    253.4  kernel    0.71  h2d   0.04  d2h     0.14   1010.5 q/s
packed c4_exact           thr 128  wall    278.0  kernel    1.31  h2d   0.06  d2h     0.12   1841.8 q/s
packed c4_exact           thr  64  wall    281.5  kernel    1.40  h2d   0.06  d2h     0.12   1818.6 q/s
packed c4_exact           thr 256  wall    321.4  kernel    1.44  h2d   0.06  d2h     0.17   1592.8 q/s
packed ebola_error_smoke  thr 128  wall    296.0  kernel    1.33  h2d   0.06  d2h     0.15    864.9 q/s
packed c4_err             thr 128  wall    283.0  kernel    1.77  h2d   0.06  d2h     0.15   1809.1 q/s
packed c4_err             thr  64  wall    283.1  kernel    1.94  h2d   0.06  d2h     0.16   1808.7 q/s
packed c4_err             thr 256  wall    282.2  kernel    2.10  h2d   0.06  d2h     0.16   1814.3 q/s
packed c4_exact_1k        thr 128  wall    340.5  kernel    2.04  h2d   0.08  d2h     0.15   3007.8 q/s
packed c4_err_1k          thr 128  wall    342.2  kernel    2.81  h2d   0.07  d2h     0.20   2992.0 q/s
packed c4_exact_2k        thr 128  wall    388.5  kernel    3.54  h2d   0.11  d2h     0.20   5271.6 q/s
packed c4_err_2k          thr 128  wall    389.4  kernel    4.27  h2d   0.11  d2h     0.29   5258.9 q/s
packed c4_err_2k          thr  64  wall    407.5  kernel    4.82  h2d   0.12  d2h     0.36   5026.4 q/s
packed c4_err_2k          thr 256  wall    431.5  kernel    6.46  h2d   0.12  d2h     0.35   4746.7 q/s
packed ebola_exact_2k     thr 128  wall    384.4  kernel    1.25  h2d   0.12  d2h     0.20   5327.8 q/s
packed ebola_err_2k       thr 128  wall    389.9  kernel    3.01  h2d   0.12  d2h     0.31   5253.0 q/s
packed ebola_err_2k       thr  64  wall    388.7  kernel    2.55  h2d   0.11  d2h     0.31   5268.3 q/s
packed ebola_err_2k       thr 256  wall    390.8  kernel    5.94  h2d   0.11  d2h     0.30   5241.1 q/s
WROTE /content/logs/timing.json
