c1    ebola_exact_smoke  thr 128  wall    313.4  kernel    0.43  h2d   5.13  d2h    50.53    816.9 q/s
c1    c4_exact           thr 128  wall    386.6  kernel    1.19  h2d  10.23  d2h   101.01   1324.3 q/s
c1    c4_exact           thr  64  wall    387.2  kernel    1.38  h2d  10.23  d2h   100.12   1322.3 q/s
c1    c4_exact           thr 256  wall    383.9  kernel    1.13  h2d  10.24  d2h    99.85   1333.5 q/s
c1    ebola_error_smoke  thr 128  wall    312.0  kernel    1.08  h2d   5.12  d2h    50.08    820.6 q/s
c1    c4_err             thr 128  wall    387.7  kernel    1.73  h2d  10.22  d2h   100.10   1320.7 q/s
c1    c4_err             thr  64  wall    385.6  kernel    1.71  h2d  10.22  d2h   100.70   1327.6 q/s
c1    c4_err             thr 256  wall    441.3  kernel    2.71  h2d  10.26  d2h   120.12   1160.2 q/s
c1    c4_exact_1k        thr 128  wall    546.1  kernel    1.99  h2d  20.41  d2h   199.47   1875.3 q/s
c1    c4_err_1k          thr 128  wall    553.3  kernel    2.88  h2d  20.40  d2h   203.79   1850.6 q/s
c1    c4_exact_2k        thr 128  wall    812.2  kernel    3.64  h2d  40.79  d2h   401.68   2521.5 q/s
c1    c4_err_2k          thr 128  wall    816.7  kernel    4.72  h2d  40.77  d2h   407.60   2507.6 q/s
c1    c4_err_2k          thr  64  wall    826.5  kernel    4.45  h2d  40.76  d2h   411.84   2478.0 q/s
c1    c4_err_2k          thr 256  wall    824.9  kernel    9.36  h2d  40.78  d2h   404.32   2482.8 q/s
c1    ebola_exact_2k     thr 128  wall    809.9  kernel    1.08  h2d  40.79  d2h   405.87   2528.8 q/s
c1    ebola_err_2k       thr 128  wall    938.5  kernel    4.17  h2d  40.78  d2h   477.27   2182.2 q/s
c1    ebola_err_2k       thr  64  wall    816.3  kernel    2.63  h2d  40.77  d2h   407.26   2509.0 q/s
c1    ebola_err_2k       thr 256  wall    819.2  kernel    9.04  h2d  40.77  d2h   404.76   2500.1 q/s
nomemset ebola_exact_smoke  thr 128  wall    300.6  kernel    0.68  h2d   0.05  d2h     6.12    851.6 q/s
nomemset c4_exact           thr 128  wall    361.9  kernel    1.45  h2d   0.07  d2h    11.95   1414.6 q/s
nomemset c4_exact           thr  64  wall    375.6  kernel    1.61  h2d   0.07  d2h    12.05   1363.2 q/s
nomemset c4_exact           thr 256  wall    424.8  kernel    1.59  h2d   0.07  d2h    12.03   1205.3 q/s
nomemset ebola_error_smoke  thr 128  wall    300.6  kernel    1.38  h2d   0.05  d2h     6.10    851.5 q/s
nomemset c4_err             thr 128  wall    360.8  kernel    1.96  h2d   0.06  d2h    11.99   1419.2 q/s
nomemset c4_err             thr  64  wall    362.3  kernel    1.85  h2d   0.07  d2h    11.97   1413.1 q/s
nomemset c4_err             thr 256  wall    359.5  kernel    2.87  h2d   0.06  d2h    12.01   1424.2 q/s
nomemset c4_exact_1k        thr 128  wall    492.4  kernel    2.26  h2d   0.08  d2h    23.64   2079.5 q/s
nomemset c4_err_1k          thr 128  wall    490.1  kernel    3.14  h2d   0.09  d2h    23.64   2089.5 q/s
nomemset c4_exact_2k        thr 128  wall    861.1  kernel    4.11  h2d   0.13  d2h    46.95   2378.5 q/s
nomemset c4_err_2k          thr 128  wall    698.7  kernel    4.73  h2d   0.13  d2h    46.90   2931.3 q/s
nomemset c4_err_2k          thr  64  wall    698.9  kernel    4.40  h2d   0.13  d2h    46.91   2930.4 q/s
nomemset c4_err_2k          thr 256  wall    713.7  kernel    8.90  h2d   0.12  d2h    46.95   2869.6 q/s
nomemset ebola_exact_2k     thr 128  wall    866.9  kernel    1.54  h2d   0.15  d2h    47.02   2362.5 q/s
nomemset ebola_err_2k       thr 128  wall    697.4  kernel    4.00  h2d   0.13  d2h    46.96   2936.5 q/s
nomemset ebola_err_2k       thr  64  wall    694.7  kernel    2.70  h2d   0.13  d2h    46.92   2948.0 q/s
nomemset ebola_err_2k       thr 256  wall    699.2  kernel    8.37  h2d   0.13  d2h    46.88   2929.0 q/s
lazy  ebola_exact_smoke  thr 128  wall    293.8  kernel    0.72  h2d   0.06  d2h     6.08    871.4 q/s
lazy  c4_exact           thr 128  wall    426.4  kernel    1.64  h2d   0.07  d2h    12.07   1200.7 q/s
lazy  c4_exact           thr  64  wall    366.1  kernel    1.68  h2d   0.06  d2h    12.04   1398.3 q/s
lazy  c4_exact           thr 256  wall    362.5  kernel    1.41  h2d   0.06  d2h    12.03   1412.3 q/s
lazy  ebola_error_smoke  thr 128  wall    302.1  kernel    1.34  h2d   0.05  d2h     6.12    847.5 q/s
lazy  c4_err             thr 128  wall    358.2  kernel    1.98  h2d   0.06  d2h    11.98   1429.4 q/s
lazy  c4_err             thr  64  wall    361.6  kernel    2.01  h2d   0.06  d2h    11.98   1415.8 q/s
lazy  c4_err             thr 256  wall    361.4  kernel    2.88  h2d   0.06  d2h    12.02   1416.5 q/s
lazy  c4_exact_1k        thr 128  wall    488.4  kernel    2.24  h2d   0.08  d2h    23.65   2096.4 q/s
lazy  c4_err_1k          thr 128  wall    611.6  kernel    3.30  h2d   0.09  d2h    23.70   1674.3 q/s
lazy  c4_exact_2k        thr 128  wall    701.6  kernel    3.93  h2d   0.13  d2h    46.92   2918.8 q/s
lazy  c4_err_2k          thr 128  wall    697.7  kernel    4.76  h2d   0.12  d2h    46.99   2935.6 q/s
lazy  c4_err_2k          thr  64  wall    694.1  kernel    4.60  h2d   0.12  d2h    46.95   2950.5 q/s
lazy  c4_err_2k          thr 256  wall    766.1  kernel    9.07  h2d   0.13  d2h    46.98   2673.2 q/s
lazy  ebola_exact_2k     thr 128  wall    691.3  kernel    1.33  h2d   0.14  d2h    46.94   2962.4 q/s
lazy  ebola_err_2k       thr 128  wall    695.5  kernel    4.07  h2d   0.13  d2h    46.97   2944.5 q/s
lazy  ebola_err_2k       thr  64  wall    695.2  kernel    2.72  h2d   0.12  d2h    46.94   2946.1 q/s
lazy  ebola_err_2k       thr 256  wall    721.7  kernel    8.42  h2d   0.13  d2h    46.94   2837.9 q/s
warp  ebola_exact_smoke  thr 128  wall    356.0  kernel    0.86  h2d   0.06  d2h     6.27    719.0 q/s
warp  c4_exact           thr 128  wall    359.7  kernel    1.42  h2d   0.06  d2h    12.00   1423.3 q/s
warp  c4_exact           thr  64  wall    360.2  kernel    1.71  h2d   0.07  d2h    12.01   1421.3 q/s
warp  c4_exact           thr 256  wall    362.2  kernel    1.43  h2d   0.07  d2h    12.03   1413.6 q/s
warp  ebola_error_smoke  thr 128  wall    304.2  kernel    1.26  h2d   0.06  d2h     6.13    841.6 q/s
warp  c4_err             thr 128  wall    363.3  kernel    1.83  h2d   0.06  d2h    12.03   1409.4 q/s
warp  c4_err             thr  64  wall    360.0  kernel    1.98  h2d   0.07  d2h    11.99   1422.0 q/s
warp  c4_err             thr 256  wall    359.9  kernel    2.09  h2d   0.07  d2h    12.01   1422.7 q/s
warp  c4_exact_1k        thr 128  wall    605.6  kernel    2.45  h2d   0.09  d2h    23.85   1691.0 q/s
warp  c4_err_1k          thr 128  wall    497.4  kernel    2.91  h2d   0.09  d2h    23.77   2058.9 q/s
warp  c4_exact_2k        thr 128  wall    693.9  kernel    3.90  h2d   0.12  d2h    46.95   2951.5 q/s
warp  c4_err_2k          thr 128  wall    692.2  kernel    4.43  h2d   0.13  d2h    46.91   2958.6 q/s
warp  c4_err_2k          thr  64  wall    710.1  kernel    4.64  h2d   0.12  d2h    46.98   2884.3 q/s
warp  c4_err_2k          thr 256  wall    726.0  kernel    6.18  h2d   0.13  d2h    47.03   2821.0 q/s
warp  ebola_exact_2k     thr 128  wall    700.8  kernel    1.32  h2d   0.13  d2h    46.92   2922.5 q/s
warp  ebola_err_2k       thr 128  wall    707.2  kernel    3.41  h2d   0.13  d2h    46.98   2896.1 q/s
warp  ebola_err_2k       thr  64  wall    696.2  kernel    2.60  h2d   0.12  d2h    46.95   2941.5 q/s
warp  ebola_err_2k       thr 256  wall    875.6  kernel    5.73  h2d   0.14  d2h    47.16   2339.0 q/s
tile  ebola_exact_smoke  thr 128  wall    298.1  kernel    0.73  h2d   0.06  d2h     6.15    858.7 q/s
tile  c4_exact           thr 128  wall    357.3  kernel    1.48  h2d   0.06  d2h    12.03   1433.1 q/s
tile  c4_exact           thr  64  wall    366.0  kernel    1.71  h2d   0.07  d2h    12.05   1398.9 q/s
tile  c4_exact           thr 256  wall    364.6  kernel    1.46  h2d   0.06  d2h    12.07   1404.2 q/s
tile  ebola_error_smoke  thr 128  wall    300.9  kernel    1.21  h2d   0.05  d2h     6.14    850.8 q/s
tile  c4_err             thr 128  wall    363.1  kernel    1.99  h2d   0.07  d2h    12.07   1410.1 q/s
tile  c4_err             thr  64  wall    368.1  kernel    2.05  h2d   0.06  d2h    12.04   1390.8 q/s
tile  c4_err             thr 256  wall    427.9  kernel    2.33  h2d   0.07  d2h    12.10   1196.5 q/s
tile  c4_exact_1k        thr 128  wall    496.0  kernel    2.31  h2d   0.08  d2h    23.66   2064.4 q/s
tile  c4_err_1k          thr 128  wall    496.6  kernel    2.92  h2d   0.08  d2h    23.74   2062.1 q/s
tile  c4_exact_2k        thr 128  wall    699.6  kernel    3.93  h2d   0.12  d2h    46.97   2927.4 q/s
tile  c4_err_2k          thr 128  wall    704.9  kernel    4.40  h2d   0.12  d2h    47.02   2905.4 q/s
tile  c4_err_2k          thr  64  wall    881.7  kernel    4.77  h2d   0.13  d2h    47.11   2322.9 q/s
tile  c4_err_2k          thr 256  wall    701.3  kernel    6.14  h2d   0.12  d2h    46.96   2920.3 q/s
tile  ebola_exact_2k     thr 128  wall    698.5  kernel    1.38  h2d   0.12  d2h    46.94   2931.9 q/s
tile  ebola_err_2k       thr 128  wall    706.4  kernel    3.41  h2d   0.13  d2h    46.98   2899.3 q/s
tile  ebola_err_2k       thr  64  wall    879.4  kernel    2.82  h2d   0.15  d2h    47.06   2328.9 q/s
tile  ebola_err_2k       thr 256  wall    702.7  kernel    5.66  h2d   0.12  d2h    47.02   2914.6 q/s
regfix ebola_exact_smoke  thr 128  wall    293.1  kernel    0.65  h2d   0.05  d2h     6.17    873.5 q/s
regfix c4_exact           thr 128  wall    360.1  kernel    1.56  h2d   0.06  d2h    12.03   1421.7 q/s
regfix c4_exact           thr  64  wall    362.7  kernel    1.69  h2d   0.06  d2h    12.06   1411.8 q/s
regfix c4_exact           thr 256  wall    365.7  kernel    1.39  h2d   0.06  d2h    12.03   1400.2 q/s
regfix ebola_error_smoke  thr 128  wall    307.7  kernel    1.19  h2d   0.05  d2h     6.17    832.1 q/s
regfix c4_err             thr 128  wall    426.0  kernel    2.02  h2d   0.07  d2h    12.07   1201.9 q/s
regfix c4_err             thr  64  wall    375.6  kernel    2.31  h2d   0.07  d2h    12.09   1363.0 q/s
regfix c4_err             thr 256  wall    359.8  kernel    2.15  h2d   0.06  d2h    12.07   1422.9 q/s
regfix c4_exact_1k        thr 128  wall    497.8  kernel    2.54  h2d   0.08  d2h    23.73   2057.2 q/s
regfix c4_err_1k          thr 128  wall    497.7  kernel    2.99  h2d   0.08  d2h    23.76   2057.4 q/s
regfix c4_exact_2k        thr 128  wall    697.6  kernel    4.40  h2d   0.12  d2h    46.96   2935.6 q/s
regfix c4_err_2k          thr 128  wall    881.0  kernel    4.73  h2d   0.14  d2h    47.00   2324.7 q/s
regfix c4_err_2k          thr  64  wall    699.6  kernel    5.03  h2d   0.12  d2h    47.02   2927.2 q/s
regfix c4_err_2k          thr 256  wall    707.2  kernel    6.42  h2d   0.12  d2h    47.03   2895.7 q/s
regfix ebola_exact_2k     thr 128  wall    694.3  kernel    1.31  h2d   0.13  d2h    47.00   2949.9 q/s
regfix ebola_err_2k       thr 128  wall    827.9  kernel    3.10  h2d   0.14  d2h    47.04   2473.7 q/s
regfix ebola_err_2k       thr  64  wall    704.7  kernel    2.58  h2d   0.13  d2h    47.00   2906.2 q/s
regfix ebola_err_2k       thr 256  wall    700.9  kernel    5.82  h2d   0.12  d2h    47.03   2921.8 q/s
WROTE /content/logs/timing.json
