base  ebola_exact_smoke  thr 128  wall    307.4  kernel    0.66  h2d   0.04  d2h     6.03    832.8 q/s
base  c4_exact           thr 128  wall    378.9  kernel    1.56  h2d   0.06  d2h    11.90   1351.4 q/s
base  c4_exact           thr  64  wall    386.4  kernel    1.77  h2d   0.06  d2h    11.87   1325.0 q/s
base  c4_exact           thr 256  wall    435.5  kernel    1.55  h2d   0.07  d2h    11.91   1175.7 q/s
base  ebola_error_smoke  thr 128  wall    363.3  kernel    1.34  h2d   0.05  d2h     6.12    704.7 q/s
base  c4_err             thr 128  wall    379.2  kernel    1.94  h2d   0.06  d2h    11.91   1350.1 q/s
base  c4_err             thr  64  wall    380.4  kernel    2.16  h2d   0.06  d2h    11.89   1346.1 q/s
base  c4_err             thr 256  wall    376.8  kernel    2.17  h2d   0.06  d2h    11.94   1358.7 q/s
base  c4_exact_1k        thr 128  wall    521.9  kernel    2.49  h2d   0.08  d2h    23.50   1961.9 q/s
base  c4_err_1k          thr 128  wall    531.1  kernel    3.06  h2d   0.09  d2h    23.55   1928.2 q/s
base  c4_exact_2k        thr 128  wall    924.0  kernel    4.58  h2d   0.14  d2h    46.98   2216.5 q/s
base  c4_err_2k          thr 128  wall    758.1  kernel    4.62  h2d   0.13  d2h    46.98   2701.3 q/s
base  c4_err_2k          thr  64  wall    749.5  kernel    5.24  h2d   0.12  d2h    46.89   2732.6 q/s
base  c4_err_2k          thr 256  wall    758.4  kernel    6.44  h2d   0.12  d2h    46.89   2700.3 q/s
base  ebola_exact_2k     thr 128  wall    928.5  kernel    1.55  h2d   0.14  d2h    46.97   2205.7 q/s
base  ebola_err_2k       thr 128  wall    753.1  kernel    2.98  h2d   0.14  d2h    46.89   2719.5 q/s
base  ebola_err_2k       thr  64  wall    747.6  kernel    2.53  h2d   0.12  d2h    46.88   2739.3 q/s
base  ebola_err_2k       thr 256  wall    751.8  kernel    5.85  h2d   0.12  d2h    47.00   2724.1 q/s
clear ebola_exact_smoke  thr 128  wall    359.6  kernel    0.83  h2d   0.07  d2h     6.10    711.9 q/s
clear c4_exact           thr 128  wall    437.3  kernel    1.52  h2d   0.08  d2h    12.01   1170.8 q/s
clear c4_exact           thr  64  wall    382.0  kernel    1.44  h2d   0.06  d2h    11.95   1340.3 q/s
clear c4_exact           thr 256  wall    378.1  kernel    1.46  h2d   0.07  d2h    12.00   1354.2 q/s
clear ebola_error_smoke  thr 128  wall    313.0  kernel    1.22  h2d   0.05  d2h     6.04    817.9 q/s
clear c4_err             thr 128  wall    375.5  kernel    1.80  h2d   0.06  d2h    11.91   1363.4 q/s
clear c4_err             thr  64  wall    376.5  kernel    1.94  h2d   0.06  d2h    11.92   1360.0 q/s
clear c4_err             thr 256  wall    374.0  kernel    2.15  h2d   0.06  d2h    11.91   1369.0 q/s
clear c4_exact_1k        thr 128  wall    629.2  kernel    2.26  h2d   0.10  d2h    23.65   1627.5 q/s
clear c4_err_1k          thr 128  wall    530.1  kernel    2.84  h2d   0.08  d2h    23.62   1931.8 q/s
clear c4_exact_2k        thr 128  wall    746.3  kernel    3.60  h2d   0.12  d2h    46.82   2744.1 q/s
clear c4_err_2k          thr 128  wall    754.4  kernel    4.32  h2d   0.12  d2h    46.84   2714.8 q/s
clear c4_err_2k          thr  64  wall    750.7  kernel    4.90  h2d   0.13  d2h    46.96   2728.2 q/s
clear c4_err_2k          thr 256  wall    752.7  kernel    6.42  h2d   0.13  d2h    46.91   2720.9 q/s
clear ebola_exact_2k     thr 128  wall    751.5  kernel    1.31  h2d   0.15  d2h    46.93   2725.3 q/s
clear ebola_err_2k       thr 128  wall    749.3  kernel    3.00  h2d   0.14  d2h    46.90   2733.0 q/s
clear ebola_err_2k       thr  64  wall    821.1  kernel    2.55  h2d   0.13  d2h    46.96   2494.2 q/s
clear ebola_err_2k       thr 256  wall    750.0  kernel    5.91  h2d   0.12  d2h    47.07   2730.8 q/s
empty ebola_exact_smoke  thr 128  wall    306.5  kernel    0.67  h2d   0.05  d2h     6.06    835.2 q/s
empty c4_exact           thr 128  wall    376.2  kernel    1.35  h2d   0.06  d2h    11.96   1361.1 q/s
empty c4_exact           thr  64  wall    377.2  kernel    1.47  h2d   0.07  d2h    11.99   1357.3 q/s
empty c4_exact           thr 256  wall    370.7  kernel    1.33  h2d   0.06  d2h    11.96   1381.1 q/s
empty ebola_error_smoke  thr 128  wall    308.6  kernel    1.20  h2d   0.04  d2h     6.07    829.5 q/s
empty c4_err             thr 128  wall    385.3  kernel    1.81  h2d   0.08  d2h    12.01   1328.8 q/s
empty c4_err             thr  64  wall    448.0  kernel    2.09  h2d   0.08  d2h    12.05   1142.8 q/s
empty c4_err             thr 256  wall    377.1  kernel    2.10  h2d   0.06  d2h    11.91   1357.9 q/s
empty c4_exact_1k        thr 128  wall    526.7  kernel    2.07  h2d   0.09  d2h    23.65   1944.2 q/s
empty c4_err_1k          thr 128  wall    524.6  kernel    2.85  h2d   0.08  d2h    23.61   1951.9 q/s
empty c4_exact_2k        thr 128  wall    743.6  kernel    3.58  h2d   0.12  d2h    46.87   2754.2 q/s
empty c4_err_2k          thr 128  wall    913.8  kernel    4.44  h2d   0.13  d2h    46.97   2241.3 q/s
empty c4_err_2k          thr  64  wall    742.5  kernel    4.76  h2d   0.13  d2h    46.88   2758.3 q/s
empty c4_err_2k          thr 256  wall    759.3  kernel    6.37  h2d   0.12  d2h    46.83   2697.2 q/s
empty ebola_exact_2k     thr 128  wall    736.6  kernel    1.29  h2d   0.12  d2h    46.83   2780.2 q/s
empty ebola_err_2k       thr 128  wall    923.6  kernel    3.18  h2d   0.14  d2h    47.05   2217.4 q/s
empty ebola_err_2k       thr  64  wall    755.0  kernel    2.59  h2d   0.14  d2h    46.94   2712.5 q/s
empty ebola_err_2k       thr 256  wall    742.8  kernel    5.89  h2d   0.12  d2h    46.98   2757.1 q/s
WROTE /content/logs/timing.json
